Generated fixed task set with 24 tasks
System utilization: 4.0000 (0.5000 per core)
Task utilizations: [0.1403 0.1256 0.255  0.0398 0.4604 0.0255 0.0943 0.223  0.1941 0.0747
 0.0244 0.1731 0.3    0.0281 0.0441 0.03   0.0399 0.0028 0.3319 0.331
 0.1838 0.1209 0.6324 0.1249]
Task periods: [32.3 56.6 27.3 25.4 22.8 58.3 39.4 64.6 15.6 81.9 26.4 10.8 12.1 27.
 80.4 13.2 53.7 12.5 31.1 24.  29.5 98.  39.1 49.5]
--- Episode 1 ---
Episode Reward: -37.9556100735755
Episode Success Ratio: 90.54%
Total Completed: 794/877
Total Missed: 83/877
Total Energy Consumed: 2135.56
Avg Q_Loss: 0.0023, Avg Policy_Loss: 0.0267
Noise Scale: 0.1977
Replay Buffer Size: 1760
Total Steps: 1760
--- Episode 2 ---
Episode Reward: -39.391210619057595
Episode Success Ratio: 91.49%
Total Completed: 796/870
Total Missed: 74/870
Total Energy Consumed: 2459.12
Avg Q_Loss: 0.0019, Avg Policy_Loss: 0.0301
Noise Scale: 0.1954
Replay Buffer Size: 3504
Total Steps: 1744
--- Episode 3 ---
Episode Reward: -33.864613052424666
Episode Success Ratio: 97.49%
Total Completed: 892/915
Total Missed: 23/915
Total Energy Consumed: 2926.46
Avg Q_Loss: 0.0016, Avg Policy_Loss: 0.0341
Noise Scale: 0.1932
Replay Buffer Size: 5341
Total Steps: 1837
--- Episode 4 ---
Episode Reward: -35.43947608358503
Episode Success Ratio: 98.94%
Total Completed: 934/944
Total Missed: 10/944
Total Energy Consumed: 3343.95
Avg Q_Loss: 0.0013, Avg Policy_Loss: 0.0383
Noise Scale: 0.1910
Replay Buffer Size: 7231
Total Steps: 1890
--- Episode 5 ---
Episode Reward: -35.07358846189553
Episode Success Ratio: 99.78%
Total Completed: 888/890
Total Missed: 2/890
Total Energy Consumed: 3467.36
Avg Q_Loss: 0.0010, Avg Policy_Loss: 0.0419
Noise Scale: 0.1888
Replay Buffer Size: 9019
Total Steps: 1788
--- Episode 6 ---
Episode Reward: -33.79053957233128
Episode Success Ratio: 100.00%
Total Completed: 798/798
Total Missed: 0/798
Total Energy Consumed: 3379.05
Avg Q_Loss: 0.0010, Avg Policy_Loss: 0.0466
Noise Scale: 0.1867
Replay Buffer Size: 10624
Total Steps: 1605
--- Episode 7 ---
Episode Reward: -35.44841999849209
Episode Success Ratio: 99.32%
Total Completed: 882/888
Total Missed: 6/888
Total Energy Consumed: 3424.84
Avg Q_Loss: 0.0009, Avg Policy_Loss: 0.0496
Noise Scale: 0.1845
Replay Buffer Size: 12404
Total Steps: 1780
--- Episode 8 ---
Episode Reward: -39.496717643478846
Episode Success Ratio: 96.80%
Total Completed: 908/938
Total Missed: 30/938
Total Energy Consumed: 3349.67
Avg Q_Loss: 0.0009, Avg Policy_Loss: 0.0537
Noise Scale: 0.1824
Replay Buffer Size: 14286
Total Steps: 1882
--- Episode 9 ---
Episode Reward: -34.549400268236674
Episode Success Ratio: 97.71%
Total Completed: 852/872
Total Missed: 20/872
Total Energy Consumed: 3054.94
Avg Q_Loss: 0.0008, Avg Policy_Loss: 0.0570
Noise Scale: 0.1803
Replay Buffer Size: 16038
Total Steps: 1752
--- Episode 10 ---
Episode Reward: -34.99842580071055
Episode Success Ratio: 95.72%
Total Completed: 849/887
Total Missed: 38/887
Total Energy Consumed: 2739.84
Avg Q_Loss: 0.0008, Avg Policy_Loss: 0.0607
Noise Scale: 0.1783
Replay Buffer Size: 17823
Total Steps: 1785
--- Episode 11 ---
Episode Reward: -37.84492052301071
Episode Success Ratio: 92.75%
Total Completed: 857/924
Total Missed: 67/924
Total Energy Consumed: 2444.49
Avg Q_Loss: 0.0008, Avg Policy_Loss: 0.0645
Noise Scale: 0.1762
Replay Buffer Size: 19676
Total Steps: 1853
--- Episode 12 ---
Episode Reward: -42.01155685651092
Episode Success Ratio: 89.05%
Total Completed: 813/913
Total Missed: 100/913
Total Energy Consumed: 2201.16
Avg Q_Loss: 0.0010, Avg Policy_Loss: 0.0699
Noise Scale: 0.1742
Replay Buffer Size: 21509
Total Steps: 1833
--- Episode 13 ---
Episode Reward: -43.41323564326577
Episode Success Ratio: 87.00%
Total Completed: 763/877
Total Missed: 114/877
Total Energy Consumed: 2061.32
Avg Q_Loss: 0.0011, Avg Policy_Loss: 0.0745
Noise Scale: 0.1722
Replay Buffer Size: 23272
Total Steps: 1763
--- Episode 14 ---
Episode Reward: -39.70547779947951
Episode Success Ratio: 88.18%
Total Completed: 761/863
Total Missed: 102/863
Total Energy Consumed: 1930.55
Avg Q_Loss: 0.0011, Avg Policy_Loss: 0.0785
Noise Scale: 0.1702
Replay Buffer Size: 25008
Total Steps: 1736
--- Episode 15 ---
Episode Reward: -64.4965956564544
Episode Success Ratio: 75.21%
Total Completed: 719/956
Total Missed: 237/956
Total Energy Consumed: 1709.66
Avg Q_Loss: 0.0013, Avg Policy_Loss: 0.0839
Noise Scale: 0.1683
Replay Buffer Size: 26930
Total Steps: 1922
--- Episode 16 ---
Episode Reward: -63.401666631592654
Episode Success Ratio: 72.11%
Total Completed: 636/882
Total Missed: 246/882
Total Energy Consumed: 1420.17
Avg Q_Loss: 0.0013, Avg Policy_Loss: 0.0886
Noise Scale: 0.1664
Replay Buffer Size: 28704
Total Steps: 1774
--- Episode 17 ---
Episode Reward: -73.7765502685746
Episode Success Ratio: 63.08%
Total Completed: 540/856
Total Missed: 316/856
Total Energy Consumed: 1057.66
Avg Q_Loss: 0.0017, Avg Policy_Loss: 0.0985
Noise Scale: 0.1644
Replay Buffer Size: 30432
Total Steps: 1728
--- Episode 18 ---
Episode Reward: -88.13575356790945
Episode Success Ratio: 53.97%
Total Completed: 462/856
Total Missed: 394/856
Total Energy Consumed: 933.58
Avg Q_Loss: 0.0017, Avg Policy_Loss: 0.1066
Noise Scale: 0.1626
Replay Buffer Size: 32167
Total Steps: 1735
--- Episode 19 ---
Episode Reward: -114.08926551811733
Episode Success Ratio: 43.44%
Total Completed: 407/937
Total Missed: 530/937
Total Energy Consumed: 808.93
Avg Q_Loss: 0.0020, Avg Policy_Loss: 0.1156
Noise Scale: 0.1607
Replay Buffer Size: 34067
Total Steps: 1900
--- Episode 20 ---
Episode Reward: -109.86862779170444
Episode Success Ratio: 41.96%
Total Completed: 373/889
Total Missed: 516/889
Total Energy Consumed: 666.86
Avg Q_Loss: 0.0022, Avg Policy_Loss: 0.1254
Noise Scale: 0.1589
Replay Buffer Size: 35863
Total Steps: 1796
--- Episode 21 ---
Episode Reward: -116.82875559465161
Episode Success Ratio: 39.94%
Total Completed: 369/924
Total Missed: 555/924
Total Energy Consumed: 582.88
Avg Q_Loss: 0.0023, Avg Policy_Loss: 0.1350
Noise Scale: 0.1570
Replay Buffer Size: 37735
Total Steps: 1872
--- Episode 22 ---
Episode Reward: -110.96552955662894
Episode Success Ratio: 38.75%
Total Completed: 334/862
Total Missed: 528/862
Total Energy Consumed: 536.55
Avg Q_Loss: 0.0026, Avg Policy_Loss: 0.1456
Noise Scale: 0.1552
Replay Buffer Size: 39478
Total Steps: 1743
--- Episode 23 ---
Episode Reward: -115.8622255461777
Episode Success Ratio: 35.53%
Total Completed: 307/864
Total Missed: 557/864
Total Energy Consumed: 446.22
Avg Q_Loss: 0.0026, Avg Policy_Loss: 0.1519
Noise Scale: 0.1535
Replay Buffer Size: 41229
Total Steps: 1751
--- Episode 24 ---
Episode Reward: -111.35985345424008
Episode Success Ratio: 36.87%
Total Completed: 313/849
Total Missed: 536/849
Total Energy Consumed: 415.99
Avg Q_Loss: 0.0027, Avg Policy_Loss: 0.1605
Noise Scale: 0.1517
Replay Buffer Size: 42946
Total Steps: 1717
--- Episode 25 ---
Episode Reward: -121.00837674222794
Episode Success Ratio: 33.52%
Total Completed: 295/880
Total Missed: 585/880
Total Energy Consumed: 400.84
Avg Q_Loss: 0.0027, Avg Policy_Loss: 0.1698
Noise Scale: 0.1500
Replay Buffer Size: 44731
Total Steps: 1785
--- Episode 26 ---
Episode Reward: -122.42115167761779
Episode Success Ratio: 33.56%
Total Completed: 299/891
Total Missed: 592/891
Total Energy Consumed: 402.12
Avg Q_Loss: 0.0027, Avg Policy_Loss: 0.1831
Noise Scale: 0.1483
Replay Buffer Size: 46544
Total Steps: 1813
--- Episode 27 ---
Episode Reward: -128.53284192453302
Episode Success Ratio: 31.39%
Total Completed: 285/908
Total Missed: 623/908
Total Energy Consumed: 393.28
Avg Q_Loss: 0.0026, Avg Policy_Loss: 0.1946
Noise Scale: 0.1466
Replay Buffer Size: 48382
Total Steps: 1838
--- Episode 28 ---
Episode Reward: -125.19294418507259
Episode Success Ratio: 34.38%
Total Completed: 317/922
Total Missed: 605/922
Total Energy Consumed: 419.29
Avg Q_Loss: 0.0026, Avg Policy_Loss: 0.2050
Noise Scale: 0.1449
Replay Buffer Size: 50245
Total Steps: 1863
--- Episode 29 ---
Episode Reward: -108.39057247235509
Episode Success Ratio: 38.69%
Total Completed: 325/840
Total Missed: 515/840
Total Energy Consumed: 539.06
Avg Q_Loss: 0.0026, Avg Policy_Loss: 0.2167
Noise Scale: 0.1432
Replay Buffer Size: 51945
Total Steps: 1700
--- Episode 30 ---
Episode Reward: -113.36532414160108
Episode Success Ratio: 41.02%
Total Completed: 370/902
Total Missed: 532/902
Total Energy Consumed: 696.53
Avg Q_Loss: 0.0027, Avg Policy_Loss: 0.2314
Noise Scale: 0.1416
Replay Buffer Size: 53763
Total Steps: 1818
--- Episode 31 ---
Episode Reward: -90.61630125886212
Episode Success Ratio: 55.31%
Total Completed: 500/904
Total Missed: 404/904
Total Energy Consumed: 981.63
Avg Q_Loss: 0.0027, Avg Policy_Loss: 0.2447
Noise Scale: 0.1400
Replay Buffer Size: 55577
Total Steps: 1814
--- Episode 32 ---
Episode Reward: -62.472327636210245
Episode Success Ratio: 71.04%
Total Completed: 606/853
Total Missed: 247/853
Total Energy Consumed: 1307.23
Avg Q_Loss: 0.0026, Avg Policy_Loss: 0.2530
Noise Scale: 0.1384
Replay Buffer Size: 57301
Total Steps: 1724
--- Episode 33 ---
Episode Reward: -57.88025196610024
Episode Success Ratio: 76.95%
Total Completed: 681/885
Total Missed: 204/885
Total Energy Consumed: 1708.03
Avg Q_Loss: 0.0026, Avg Policy_Loss: 0.2610
Noise Scale: 0.1368
Replay Buffer Size: 59077
Total Steps: 1776
--- Episode 34 ---
Episode Reward: -41.99763909197858
Episode Success Ratio: 88.18%
Total Completed: 761/863
Total Missed: 102/863
Total Energy Consumed: 2159.76
Avg Q_Loss: 0.0024, Avg Policy_Loss: 0.2619
Noise Scale: 0.1352
Replay Buffer Size: 60819
Total Steps: 1742
--- Episode 35 ---
Episode Reward: -32.906305826256464
Episode Success Ratio: 95.87%
Total Completed: 858/895
Total Missed: 37/895
Total Energy Consumed: 2550.63
Avg Q_Loss: 0.0024, Avg Policy_Loss: 0.2674
Noise Scale: 0.1337
Replay Buffer Size: 62618
Total Steps: 1799
--- Episode 36 ---
Episode Reward: -35.626203407262174
Episode Success Ratio: 95.98%
Total Completed: 883/920
Total Missed: 37/920
Total Energy Consumed: 2822.62
Avg Q_Loss: 0.0023, Avg Policy_Loss: 0.2703
Noise Scale: 0.1321
Replay Buffer Size: 64464
Total Steps: 1846
--- Episode 37 ---
Episode Reward: -34.71498008982114
Episode Success Ratio: 98.38%
Total Completed: 911/926
Total Missed: 15/926
Total Energy Consumed: 3171.50
Avg Q_Loss: 0.0024, Avg Policy_Loss: 0.2722
Noise Scale: 0.1306
Replay Buffer Size: 66327
Total Steps: 1863
--- Episode 38 ---
Episode Reward: -33.205518462843145
Episode Success Ratio: 99.89%
Total Completed: 872/873
Total Missed: 1/873
Total Energy Consumed: 3300.55
Avg Q_Loss: 0.0024, Avg Policy_Loss: 0.2777
Noise Scale: 0.1291
Replay Buffer Size: 68076
Total Steps: 1749
--- Episode 39 ---
Episode Reward: -34.8000712746339
Episode Success Ratio: 100.00%
Total Completed: 884/884
Total Missed: 0/884
Total Energy Consumed: 3480.01
Avg Q_Loss: 0.0022, Avg Policy_Loss: 0.2770
Noise Scale: 0.1277
Replay Buffer Size: 69849
Total Steps: 1773
--- Episode 40 ---
Episode Reward: -36.916203319509144
Episode Success Ratio: 99.88%
Total Completed: 833/834
Total Missed: 1/834
Total Energy Consumed: 3671.62
Avg Q_Loss: 0.0022, Avg Policy_Loss: 0.2790
Noise Scale: 0.1262
Replay Buffer Size: 71524
Total Steps: 1675
--- Episode 41 ---
Episode Reward: -39.4004134547718
Episode Success Ratio: 100.00%
Total Completed: 902/902
Total Missed: 0/902
Total Energy Consumed: 3940.04
Avg Q_Loss: 0.0022, Avg Policy_Loss: 0.2781
Noise Scale: 0.1247
Replay Buffer Size: 73334
Total Steps: 1810
--- Episode 42 ---
Episode Reward: -40.68974900474455
Episode Success Ratio: 99.78%
Total Completed: 901/903
Total Missed: 2/903
Total Energy Consumed: 4028.97
Avg Q_Loss: 0.0022, Avg Policy_Loss: 0.2832
Noise Scale: 0.1233
Replay Buffer Size: 75143
Total Steps: 1809
--- Episode 43 ---
Episode Reward: -42.975135866618004
Episode Success Ratio: 99.89%
Total Completed: 894/895
Total Missed: 1/895
Total Energy Consumed: 4277.51
Avg Q_Loss: 0.0022, Avg Policy_Loss: 0.2880
Noise Scale: 0.1219
Replay Buffer Size: 76937
Total Steps: 1794
--- Episode 44 ---
Episode Reward: -45.834525591865614
Episode Success Ratio: 99.36%
Total Completed: 938/944
Total Missed: 6/944
Total Energy Consumed: 4463.45
Avg Q_Loss: 0.0021, Avg Policy_Loss: 0.2880
Noise Scale: 0.1205
Replay Buffer Size: 78829
Total Steps: 1892
--- Episode 45 ---
Episode Reward: -44.466788757395285
Episode Success Ratio: 99.89%
Total Completed: 913/914
Total Missed: 1/914
Total Energy Consumed: 4426.68
Avg Q_Loss: 0.0019, Avg Policy_Loss: 0.2875
Noise Scale: 0.1191
Replay Buffer Size: 80658
Total Steps: 1829
--- Episode 46 ---
Episode Reward: -43.577225569567396
Episode Success Ratio: 100.00%
Total Completed: 921/921
Total Missed: 0/921
Total Energy Consumed: 4357.72
Avg Q_Loss: 0.0019, Avg Policy_Loss: 0.2904
Noise Scale: 0.1178
Replay Buffer Size: 82503
Total Steps: 1845
--- Episode 47 ---
Episode Reward: -44.44872016037966
Episode Success Ratio: 100.00%
Total Completed: 892/892
Total Missed: 0/892
Total Energy Consumed: 4444.87
Avg Q_Loss: 0.0020, Avg Policy_Loss: 0.2978
Noise Scale: 0.1164
Replay Buffer Size: 84295
Total Steps: 1792
--- Episode 48 ---
Episode Reward: -43.31094023937098
Episode Success Ratio: 100.00%
Total Completed: 880/880
Total Missed: 0/880
Total Energy Consumed: 4331.09
Avg Q_Loss: 0.0018, Avg Policy_Loss: 0.3022
Noise Scale: 0.1151
Replay Buffer Size: 86057
Total Steps: 1762
--- Episode 49 ---
Episode Reward: -45.48635702557136
Episode Success Ratio: 100.00%
Total Completed: 965/965
Total Missed: 0/965
Total Energy Consumed: 4548.64
Avg Q_Loss: 0.0020, Avg Policy_Loss: 0.3080
Noise Scale: 0.1138
Replay Buffer Size: 87990
Total Steps: 1933
--- Episode 50 ---
Episode Reward: -45.69616897945851
Episode Success Ratio: 100.00%
Total Completed: 952/952
Total Missed: 0/952
Total Energy Consumed: 4569.62
Avg Q_Loss: 0.0021, Avg Policy_Loss: 0.3085
Noise Scale: 0.1125
Replay Buffer Size: 89895
Total Steps: 1905
--- Episode 51 ---
Episode Reward: -48.05933097702386
Episode Success Ratio: 99.90%
Total Completed: 957/958
Total Missed: 1/958
Total Energy Consumed: 4785.93
Avg Q_Loss: 0.0019, Avg Policy_Loss: 0.3127
Noise Scale: 0.1112
Replay Buffer Size: 91821
Total Steps: 1926
--- Episode 52 ---
Episode Reward: -46.16924062912997
Episode Success Ratio: 100.00%
Total Completed: 951/951
Total Missed: 0/951
Total Energy Consumed: 4616.92
Avg Q_Loss: 0.0018, Avg Policy_Loss: 0.3128
Noise Scale: 0.1099
Replay Buffer Size: 93731
Total Steps: 1910
--- Episode 53 ---
Episode Reward: -44.02917112450527
Episode Success Ratio: 100.00%
Total Completed: 895/895
Total Missed: 0/895
Total Energy Consumed: 4402.92
Avg Q_Loss: 0.0018, Avg Policy_Loss: 0.3207
Noise Scale: 0.1087
Replay Buffer Size: 95524
Total Steps: 1793
--- Episode 54 ---
Episode Reward: -42.329073298067854
Episode Success Ratio: 100.00%
Total Completed: 852/852
Total Missed: 0/852
Total Energy Consumed: 4232.91
Avg Q_Loss: 0.0021, Avg Policy_Loss: 0.3248
Noise Scale: 0.1074
Replay Buffer Size: 97233
Total Steps: 1709
--- Episode 55 ---
Episode Reward: -44.2572948658394
Episode Success Ratio: 100.00%
Total Completed: 910/910
Total Missed: 0/910
Total Energy Consumed: 4425.73
Avg Q_Loss: 0.0019, Avg Policy_Loss: 0.3286
Noise Scale: 0.1062
Replay Buffer Size: 99054
Total Steps: 1821
--- Episode 56 ---
Episode Reward: -40.69580730245291
Episode Success Ratio: 100.00%
Total Completed: 892/892
Total Missed: 0/892
Total Energy Consumed: 4069.58
Avg Q_Loss: 0.0020, Avg Policy_Loss: 0.3287
Noise Scale: 0.1050
Replay Buffer Size: 100841
Total Steps: 1787
--- Episode 57 ---
Episode Reward: -34.127762021134785
Episode Success Ratio: 99.45%
Total Completed: 897/902
Total Missed: 5/902
Total Energy Consumed: 3312.78
Avg Q_Loss: 0.0019, Avg Policy_Loss: 0.3281
Noise Scale: 0.1038
Replay Buffer Size: 102649
Total Steps: 1808
--- Episode 58 ---
Episode Reward: -34.555341488416026
Episode Success Ratio: 93.74%
Total Completed: 824/879
Total Missed: 55/879
Total Energy Consumed: 2355.53
Avg Q_Loss: 0.0018, Avg Policy_Loss: 0.3295
Noise Scale: 0.1026
Replay Buffer Size: 104419
Total Steps: 1770
--- Episode 59 ---
Episode Reward: -40.29290545345695
Episode Success Ratio: 89.44%
Total Completed: 830/928
Total Missed: 98/928
Total Energy Consumed: 2069.29
Avg Q_Loss: 0.0018, Avg Policy_Loss: 0.3329
Noise Scale: 0.1014
Replay Buffer Size: 106281
Total Steps: 1862
--- Episode 60 ---
Episode Reward: -38.89314921881855
Episode Success Ratio: 90.00%
Total Completed: 819/910
Total Missed: 91/910
Total Energy Consumed: 2069.31
Avg Q_Loss: 0.0017, Avg Policy_Loss: 0.3313
Noise Scale: 0.1002
Replay Buffer Size: 108109
Total Steps: 1828
--- Episode 61 ---
Episode Reward: -42.600511272172426
Episode Success Ratio: 84.92%
Total Completed: 721/849
Total Missed: 128/849
Total Energy Consumed: 1700.05
Avg Q_Loss: 0.0018, Avg Policy_Loss: 0.3377
Noise Scale: 0.0991
Replay Buffer Size: 109819
Total Steps: 1710
--- Episode 62 ---
Episode Reward: -47.33810658236567
Episode Success Ratio: 85.44%
Total Completed: 769/900
Total Missed: 131/900
Total Energy Consumed: 2113.81
Avg Q_Loss: 0.0018, Avg Policy_Loss: 0.3427
Noise Scale: 0.0980
Replay Buffer Size: 111629
Total Steps: 1810
--- Episode 63 ---
Episode Reward: -44.8279017405368
Episode Success Ratio: 83.43%
Total Completed: 700/839
Total Missed: 139/839
Total Energy Consumed: 1702.79
Avg Q_Loss: 0.0017, Avg Policy_Loss: 0.3486
Noise Scale: 0.0968
Replay Buffer Size: 113319
Total Steps: 1690
--- Episode 64 ---
Episode Reward: -41.544407994004445
Episode Success Ratio: 87.59%
Total Completed: 748/854
Total Missed: 106/854
Total Energy Consumed: 2034.44
Avg Q_Loss: 0.0017, Avg Policy_Loss: 0.3509
Noise Scale: 0.0957
Replay Buffer Size: 115038
Total Steps: 1719
--- Episode 65 ---
Episode Reward: -41.89789341522009
Episode Success Ratio: 88.82%
Total Completed: 763/859
Total Missed: 96/859
Total Energy Consumed: 2269.79
Avg Q_Loss: 0.0019, Avg Policy_Loss: 0.3541
Noise Scale: 0.0946
Replay Buffer Size: 116765
Total Steps: 1727
--- Episode 66 ---
Episode Reward: -40.368882953875996
Episode Success Ratio: 92.45%
Total Completed: 857/927
Total Missed: 70/927
Total Energy Consumed: 2636.89
Avg Q_Loss: 0.0018, Avg Policy_Loss: 0.3586
Noise Scale: 0.0935
Replay Buffer Size: 118630
Total Steps: 1865
--- Episode 67 ---
Episode Reward: -36.90323020880633
Episode Success Ratio: 94.83%
Total Completed: 826/871
Total Missed: 45/871
Total Energy Consumed: 2790.32
Avg Q_Loss: 0.0017, Avg Policy_Loss: 0.3550
Noise Scale: 0.0925
Replay Buffer Size: 120378
Total Steps: 1748
--- Episode 68 ---
Episode Reward: -39.100233490804534
Episode Success Ratio: 95.39%
Total Completed: 889/932
Total Missed: 43/932
Total Energy Consumed: 3050.02
Avg Q_Loss: 0.0018, Avg Policy_Loss: 0.3591
Noise Scale: 0.0914
Replay Buffer Size: 122253
Total Steps: 1875
--- Episode 69 ---
Episode Reward: -38.6595406506478
Episode Success Ratio: 94.52%
Total Completed: 879/930
Total Missed: 51/930
Total Energy Consumed: 2845.95
Avg Q_Loss: 0.0019, Avg Policy_Loss: 0.3664
Noise Scale: 0.0904
Replay Buffer Size: 124119
Total Steps: 1866
--- Episode 70 ---
Episode Reward: -36.48795545919331
Episode Success Ratio: 94.97%
Total Completed: 830/874
Total Missed: 44/874
Total Energy Consumed: 2768.80
Avg Q_Loss: 0.0017, Avg Policy_Loss: 0.3689
Noise Scale: 0.0893
Replay Buffer Size: 125876
Total Steps: 1757
--- Episode 71 ---
Episode Reward: -35.965572908171396
Episode Success Ratio: 95.86%
Total Completed: 856/893
Total Missed: 37/893
Total Energy Consumed: 2856.56
Avg Q_Loss: 0.0018, Avg Policy_Loss: 0.3703
Noise Scale: 0.0883
Replay Buffer Size: 127668
Total Steps: 1792
--- Episode 72 ---
Episode Reward: -44.73179747567922
Episode Success Ratio: 91.84%
Total Completed: 833/907
Total Missed: 74/907
Total Energy Consumed: 2993.18
Avg Q_Loss: 0.0018, Avg Policy_Loss: 0.3753
Noise Scale: 0.0873
Replay Buffer Size: 129488
Total Steps: 1820
--- Episode 73 ---
Episode Reward: -39.47154008316762
Episode Success Ratio: 93.88%
Total Completed: 844/899
Total Missed: 55/899
Total Energy Consumed: 2847.15
Avg Q_Loss: 0.0017, Avg Policy_Loss: 0.3749
Noise Scale: 0.0863
Replay Buffer Size: 131297
Total Steps: 1809
--- Episode 74 ---
Episode Reward: -38.51356226061418
Episode Success Ratio: 94.70%
Total Completed: 840/887
Total Missed: 47/887
Total Energy Consumed: 2911.36
Avg Q_Loss: 0.0017, Avg Policy_Loss: 0.3772
Noise Scale: 0.0853
Replay Buffer Size: 133077
Total Steps: 1780
--- Episode 75 ---
Episode Reward: -35.287112476731664
Episode Success Ratio: 94.37%
Total Completed: 838/888
Total Missed: 50/888
Total Energy Consumed: 2528.71
Avg Q_Loss: 0.0016, Avg Policy_Loss: 0.3788
Noise Scale: 0.0843
Replay Buffer Size: 134862
Total Steps: 1785
--- Episode 76 ---
Episode Reward: -33.62683964417702
Episode Success Ratio: 94.74%
Total Completed: 810/855
Total Missed: 45/855
Total Energy Consumed: 2462.68
Avg Q_Loss: 0.0016, Avg Policy_Loss: 0.3846
Noise Scale: 0.0834
Replay Buffer Size: 136581
Total Steps: 1719
--- Episode 77 ---
Episode Reward: -40.78861105205351
Episode Success Ratio: 92.78%
Total Completed: 848/914
Total Missed: 66/914
Total Energy Consumed: 2758.86
Avg Q_Loss: 0.0016, Avg Policy_Loss: 0.3835
Noise Scale: 0.0824
Replay Buffer Size: 138415
Total Steps: 1834
--- Episode 78 ---
Episode Reward: -35.60049363513378
Episode Success Ratio: 94.01%
Total Completed: 800/851
Total Missed: 51/851
Total Energy Consumed: 2540.05
Avg Q_Loss: 0.0017, Avg Policy_Loss: 0.3906
Noise Scale: 0.0815
Replay Buffer Size: 140125
Total Steps: 1710
--- Episode 79 ---
Episode Reward: -38.462360242371766
Episode Success Ratio: 95.26%
Total Completed: 844/886
Total Missed: 42/886
Total Energy Consumed: 3006.24
Avg Q_Loss: 0.0015, Avg Policy_Loss: 0.3939
Noise Scale: 0.0805
Replay Buffer Size: 141906
Total Steps: 1781
--- Episode 80 ---
Episode Reward: -38.120878168535086
Episode Success Ratio: 94.85%
Total Completed: 848/894
Total Missed: 46/894
Total Energy Consumed: 2892.09
Avg Q_Loss: 0.0015, Avg Policy_Loss: 0.3951
Noise Scale: 0.0796
Replay Buffer Size: 143702
Total Steps: 1796
--- Episode 81 ---
Episode Reward: -37.61454573863943
Episode Success Ratio: 93.54%
Total Completed: 825/882
Total Missed: 57/882
Total Energy Consumed: 2621.45
Avg Q_Loss: 0.0016, Avg Policy_Loss: 0.3998
Noise Scale: 0.0787
Replay Buffer Size: 145477
Total Steps: 1775
--- Episode 82 ---
Episode Reward: -37.958751699409596
Episode Success Ratio: 94.49%
Total Completed: 841/890
Total Missed: 49/890
Total Energy Consumed: 2815.88
Avg Q_Loss: 0.0017, Avg Policy_Loss: 0.4002
Noise Scale: 0.0778
Replay Buffer Size: 147263
Total Steps: 1786
--- Episode 83 ---
Episode Reward: -36.16656412645937
Episode Success Ratio: 95.27%
Total Completed: 846/888
Total Missed: 42/888
Total Energy Consumed: 2776.66
Avg Q_Loss: 0.0017, Avg Policy_Loss: 0.4055
Noise Scale: 0.0769
Replay Buffer Size: 149046
Total Steps: 1783
--- Episode 84 ---
Episode Reward: -40.25755594519066
Episode Success Ratio: 92.46%
Total Completed: 822/889
Total Missed: 67/889
Total Energy Consumed: 2685.76
Avg Q_Loss: 0.0016, Avg Policy_Loss: 0.4039
Noise Scale: 0.0760
Replay Buffer Size: 150831
Total Steps: 1785
--- Episode 85 ---
Episode Reward: -38.610467963297936
Episode Success Ratio: 90.55%
Total Completed: 786/868
Total Missed: 82/868
Total Energy Consumed: 2221.05
Avg Q_Loss: 0.0016, Avg Policy_Loss: 0.4119
Noise Scale: 0.0752
Replay Buffer Size: 152576
Total Steps: 1745
--- Episode 86 ---
Episode Reward: -38.938820855692995
Episode Success Ratio: 93.30%
Total Completed: 835/895
Total Missed: 60/895
Total Energy Consumed: 2693.88
Avg Q_Loss: 0.0016, Avg Policy_Loss: 0.4163
Noise Scale: 0.0743
Replay Buffer Size: 154375
Total Steps: 1799
--- Episode 87 ---
Episode Reward: -39.18427414607977
Episode Success Ratio: 92.83%
Total Completed: 841/906
Total Missed: 65/906
Total Energy Consumed: 2618.43
Avg Q_Loss: 0.0016, Avg Policy_Loss: 0.4178
Noise Scale: 0.0735
Replay Buffer Size: 156194
Total Steps: 1819
--- Episode 88 ---
Episode Reward: -38.37728715113414
Episode Success Ratio: 93.60%
Total Completed: 804/859
Total Missed: 55/859
Total Energy Consumed: 2737.73
Avg Q_Loss: 0.0018, Avg Policy_Loss: 0.4221
Noise Scale: 0.0726
Replay Buffer Size: 157921
Total Steps: 1727
--- Episode 89 ---
Episode Reward: -38.438158982167984
Episode Success Ratio: 93.52%
Total Completed: 823/880
Total Missed: 57/880
Total Energy Consumed: 2703.82
Avg Q_Loss: 0.0016, Avg Policy_Loss: 0.4190
Noise Scale: 0.0718
Replay Buffer Size: 159688
Total Steps: 1767
--- Episode 90 ---
Episode Reward: -39.73709134055015
Episode Success Ratio: 91.24%
Total Completed: 812/890
Total Missed: 78/890
Total Energy Consumed: 2413.71
Avg Q_Loss: 0.0016, Avg Policy_Loss: 0.4231
Noise Scale: 0.0710
Replay Buffer Size: 161478
Total Steps: 1790
--- Episode 91 ---
Episode Reward: -38.10126914912584
Episode Success Ratio: 92.83%
Total Completed: 842/907
Total Missed: 65/907
Total Energy Consumed: 2510.13
Avg Q_Loss: 0.0015, Avg Policy_Loss: 0.4287
Noise Scale: 0.0702
Replay Buffer Size: 163301
Total Steps: 1823
--- Episode 92 ---
Episode Reward: -41.36027412628139
Episode Success Ratio: 89.83%
Total Completed: 777/865
Total Missed: 88/865
Total Energy Consumed: 2376.03
Avg Q_Loss: 0.0016, Avg Policy_Loss: 0.4339
Noise Scale: 0.0693
Replay Buffer Size: 165042
Total Steps: 1741
--- Episode 93 ---
Episode Reward: -36.97188846263602
Episode Success Ratio: 93.86%
Total Completed: 856/912
Total Missed: 56/912
Total Energy Consumed: 2577.19
Avg Q_Loss: 0.0017, Avg Policy_Loss: 0.4353
Noise Scale: 0.0686
Replay Buffer Size: 166874
Total Steps: 1832
--- Episode 94 ---
Episode Reward: -36.64182910031613
Episode Success Ratio: 93.14%
Total Completed: 801/860
Total Missed: 59/860
Total Energy Consumed: 2484.18
Avg Q_Loss: 0.0015, Avg Policy_Loss: 0.4374
Noise Scale: 0.0678
Replay Buffer Size: 168604
Total Steps: 1730
--- Episode 95 ---
Episode Reward: -38.18874170914144
Episode Success Ratio: 94.15%
Total Completed: 869/923
Total Missed: 54/923
Total Energy Consumed: 2738.87
Avg Q_Loss: 0.0015, Avg Policy_Loss: 0.4372
Noise Scale: 0.0670
Replay Buffer Size: 170459
Total Steps: 1855
--- Episode 96 ---
Episode Reward: -40.01467908470682
Episode Success Ratio: 92.87%
Total Completed: 821/884
Total Missed: 63/884
Total Energy Consumed: 2741.47
Avg Q_Loss: 0.0015, Avg Policy_Loss: 0.4449
Noise Scale: 0.0662
Replay Buffer Size: 172233
Total Steps: 1774
--- Episode 97 ---
Episode Reward: -44.094057583708754
Episode Success Ratio: 91.17%
Total Completed: 805/883
Total Missed: 78/883
Total Energy Consumed: 2849.41
Avg Q_Loss: 0.0016, Avg Policy_Loss: 0.4468
Noise Scale: 0.0655
Replay Buffer Size: 174005
Total Steps: 1772
--- Episode 98 ---
Episode Reward: -44.773021212707924
Episode Success Ratio: 91.43%
Total Completed: 832/910
Total Missed: 78/910
Total Energy Consumed: 2917.30
Avg Q_Loss: 0.0016, Avg Policy_Loss: 0.4501
Noise Scale: 0.0647
Replay Buffer Size: 175837
Total Steps: 1832
--- Episode 99 ---
Episode Reward: -43.04278941588084
Episode Success Ratio: 91.86%
Total Completed: 813/885
Total Missed: 72/885
Total Energy Consumed: 2864.28
Avg Q_Loss: 0.0015, Avg Policy_Loss: 0.4521
Noise Scale: 0.0640
Replay Buffer Size: 177618
Total Steps: 1781
--- Episode 100 ---
Episode Reward: -43.8221891505931
Episode Success Ratio: 89.35%
Total Completed: 780/873
Total Missed: 93/873
Total Energy Consumed: 2522.22
Avg Q_Loss: 0.0017, Avg Policy_Loss: 0.4555
Noise Scale: 0.0632
Replay Buffer Size: 179369
Total Steps: 1751
Models saved to ./saves/experiment-2/ep_100
--- Episode 101 ---
Episode Reward: -44.14998115975387
Episode Success Ratio: 89.12%
Total Completed: 778/873
Total Missed: 95/873
Total Energy Consumed: 2515.00
Avg Q_Loss: 0.0016, Avg Policy_Loss: 0.4606
Noise Scale: 0.0625
Replay Buffer Size: 181126
Total Steps: 1757
--- Episode 102 ---
Episode Reward: -51.7893908310502
Episode Success Ratio: 86.70%
Total Completed: 776/895
Total Missed: 119/895
Total Energy Consumed: 2798.94
Avg Q_Loss: 0.0014, Avg Policy_Loss: 0.4628
Noise Scale: 0.0618
Replay Buffer Size: 182922
Total Steps: 1796
--- Episode 103 ---
Episode Reward: -51.72760863452444
Episode Success Ratio: 85.43%
Total Completed: 768/899
Total Missed: 131/899
Total Energy Consumed: 2552.76
Avg Q_Loss: 0.0016, Avg Policy_Loss: 0.4632
Noise Scale: 0.0611
Replay Buffer Size: 184729
Total Steps: 1807
--- Episode 104 ---
Episode Reward: -46.627093929619136
Episode Success Ratio: 87.20%
Total Completed: 722/828
Total Missed: 106/828
Total Energy Consumed: 2542.71
Avg Q_Loss: 0.0017, Avg Policy_Loss: 0.4671
Noise Scale: 0.0604
Replay Buffer Size: 186398
Total Steps: 1669
--- Episode 105 ---
Episode Reward: -53.6227270239535
Episode Success Ratio: 85.17%
Total Completed: 764/897
Total Missed: 133/897
Total Energy Consumed: 2702.27
Avg Q_Loss: 0.0014, Avg Policy_Loss: 0.4734
Noise Scale: 0.0597
Replay Buffer Size: 188200
Total Steps: 1802
--- Episode 106 ---
Episode Reward: -62.27425057506779
Episode Success Ratio: 81.18%
Total Completed: 742/914
Total Missed: 172/914
Total Energy Consumed: 2787.43
Avg Q_Loss: 0.0015, Avg Policy_Loss: 0.4767
Noise Scale: 0.0590
Replay Buffer Size: 190038
Total Steps: 1838
--- Episode 107 ---
Episode Reward: -55.59668078869271
Episode Success Ratio: 86.30%
Total Completed: 806/934
Total Missed: 128/934
Total Energy Consumed: 2999.67
Avg Q_Loss: 0.0015, Avg Policy_Loss: 0.4816
Noise Scale: 0.0583
Replay Buffer Size: 191916
Total Steps: 1878
--- Episode 108 ---
Episode Reward: -58.10921724127769
Episode Success Ratio: 82.28%
Total Completed: 743/903
Total Missed: 160/903
Total Energy Consumed: 2610.92
Avg Q_Loss: 0.0016, Avg Policy_Loss: 0.4855
Noise Scale: 0.0577
Replay Buffer Size: 193732
Total Steps: 1816
--- Episode 109 ---
Episode Reward: -55.71187988202511
Episode Success Ratio: 83.04%
Total Completed: 710/855
Total Missed: 145/855
Total Energy Consumed: 2671.19
Avg Q_Loss: 0.0014, Avg Policy_Loss: 0.4885
Noise Scale: 0.0570
Replay Buffer Size: 195449
Total Steps: 1717
--- Episode 110 ---
Episode Reward: -61.78250959277994
Episode Success Ratio: 80.58%
Total Completed: 726/901
Total Missed: 175/901
Total Energy Consumed: 2678.25
Avg Q_Loss: 0.0015, Avg Policy_Loss: 0.4936
Noise Scale: 0.0564
Replay Buffer Size: 197259
Total Steps: 1810
--- Episode 111 ---
Episode Reward: -47.962931542478074
Episode Success Ratio: 89.35%
Total Completed: 822/920
Total Missed: 98/920
Total Energy Consumed: 2836.29
Avg Q_Loss: 0.0017, Avg Policy_Loss: 0.4999
Noise Scale: 0.0557
Replay Buffer Size: 199109
Total Steps: 1850
--- Episode 112 ---
Episode Reward: -56.443613294799185
Episode Success Ratio: 81.59%
Total Completed: 678/831
Total Missed: 153/831
Total Energy Consumed: 2584.36
Avg Q_Loss: 0.0016, Avg Policy_Loss: 0.5007
Noise Scale: 0.0551
Replay Buffer Size: 200782
Total Steps: 1673
--- Episode 113 ---
Episode Reward: -61.7804912798639
Episode Success Ratio: 83.15%
Total Completed: 770/926
Total Missed: 156/926
Total Energy Consumed: 3058.05
Avg Q_Loss: 0.0016, Avg Policy_Loss: 0.5095
Noise Scale: 0.0545
Replay Buffer Size: 202646
Total Steps: 1864
--- Episode 114 ---
Episode Reward: -62.70037933455836
Episode Success Ratio: 77.79%
Total Completed: 662/851
Total Missed: 189/851
Total Energy Consumed: 2490.04
Avg Q_Loss: 0.0015, Avg Policy_Loss: 0.5163
Noise Scale: 0.0538
Replay Buffer Size: 204359
Total Steps: 1713
--- Episode 115 ---
Episode Reward: -54.32855968342179
Episode Success Ratio: 85.14%
Total Completed: 756/888
Total Missed: 132/888
Total Energy Consumed: 2792.86
Avg Q_Loss: 0.0018, Avg Policy_Loss: 0.5209
Noise Scale: 0.0532
Replay Buffer Size: 206149
Total Steps: 1790
--- Episode 116 ---
Episode Reward: -48.562589189498325
Episode Success Ratio: 87.40%
Total Completed: 777/889
Total Missed: 112/889
Total Energy Consumed: 2616.26
Avg Q_Loss: 0.0017, Avg Policy_Loss: 0.5238
Noise Scale: 0.0526
Replay Buffer Size: 207932
Total Steps: 1783
--- Episode 117 ---
Episode Reward: -46.69082550995956
Episode Success Ratio: 88.37%
Total Completed: 783/886
Total Missed: 103/886
Total Energy Consumed: 2609.08
Avg Q_Loss: 0.0018, Avg Policy_Loss: 0.5285
Noise Scale: 0.0520
Replay Buffer Size: 209720
Total Steps: 1788
--- Episode 118 ---
Episode Reward: -43.45928933325613
Episode Success Ratio: 92.62%
Total Completed: 854/922
Total Missed: 68/922
Total Energy Consumed: 2985.93
Avg Q_Loss: 0.0015, Avg Policy_Loss: 0.5341
Noise Scale: 0.0514
Replay Buffer Size: 211573
Total Steps: 1853
--- Episode 119 ---
Episode Reward: -40.322656441515875
Episode Success Ratio: 92.32%
Total Completed: 805/872
Total Missed: 67/872
Total Energy Consumed: 2692.27
Avg Q_Loss: 0.0017, Avg Policy_Loss: 0.5410
Noise Scale: 0.0508
Replay Buffer Size: 213327
Total Steps: 1754
--- Episode 120 ---
Episode Reward: -41.03696979570982
Episode Success Ratio: 91.99%
Total Completed: 804/874
Total Missed: 70/874
Total Energy Consumed: 2703.70
Avg Q_Loss: 0.0021, Avg Policy_Loss: 0.5445
Noise Scale: 0.0502
Replay Buffer Size: 215084
Total Steps: 1757
--- Episode 121 ---
Episode Reward: -39.340043760347214
Episode Success Ratio: 94.40%
Total Completed: 843/893
Total Missed: 50/893
Total Energy Consumed: 2934.00
Avg Q_Loss: 0.0015, Avg Policy_Loss: 0.5436
Noise Scale: 0.0497
Replay Buffer Size: 216879
Total Steps: 1795
--- Episode 122 ---
Episode Reward: -42.273883362982666
Episode Success Ratio: 91.28%
Total Completed: 796/872
Total Missed: 76/872
Total Energy Consumed: 2707.39
Avg Q_Loss: 0.0016, Avg Policy_Loss: 0.5541
Noise Scale: 0.0491
Replay Buffer Size: 218635
Total Steps: 1756
--- Episode 123 ---
Episode Reward: -43.33041083084477
Episode Success Ratio: 92.26%
Total Completed: 858/930
Total Missed: 72/930
Total Energy Consumed: 2893.04
Avg Q_Loss: 0.0018, Avg Policy_Loss: 0.5557
Noise Scale: 0.0485
Replay Buffer Size: 220504
Total Steps: 1869
--- Episode 124 ---
Episode Reward: -44.14010316141121
Episode Success Ratio: 92.16%
Total Completed: 870/944
Total Missed: 74/944
Total Energy Consumed: 2934.01
Avg Q_Loss: 0.0019, Avg Policy_Loss: 0.5582
Noise Scale: 0.0480
Replay Buffer Size: 222402
Total Steps: 1898
--- Episode 125 ---
Episode Reward: -41.10755221936719
Episode Success Ratio: 92.79%
Total Completed: 836/901
Total Missed: 65/901
Total Energy Consumed: 2810.76
Avg Q_Loss: 0.0015, Avg Policy_Loss: 0.5660
Noise Scale: 0.0474
Replay Buffer Size: 224215
Total Steps: 1813
--- Episode 126 ---
Episode Reward: -41.70829924267385
Episode Success Ratio: 93.79%
Total Completed: 846/902
Total Missed: 56/902
Total Energy Consumed: 3050.83
Avg Q_Loss: 0.0015, Avg Policy_Loss: 0.5696
Noise Scale: 0.0469
Replay Buffer Size: 226031
Total Steps: 1816
--- Episode 127 ---
Episode Reward: -39.512810338646645
Episode Success Ratio: 93.08%
Total Completed: 794/853
Total Missed: 59/853
Total Energy Consumed: 2771.28
Avg Q_Loss: 0.0016, Avg Policy_Loss: 0.5723
Noise Scale: 0.0463
Replay Buffer Size: 227747
Total Steps: 1716
--- Episode 128 ---
Episode Reward: -42.076747424733426
Episode Success Ratio: 93.94%
Total Completed: 837/891
Total Missed: 54/891
Total Energy Consumed: 3127.67
Avg Q_Loss: 0.0017, Avg Policy_Loss: 0.5732
Noise Scale: 0.0458
Replay Buffer Size: 229535
Total Steps: 1788
--- Episode 129 ---
Episode Reward: -42.88714083368734
Episode Success Ratio: 92.83%
Total Completed: 854/920
Total Missed: 66/920
Total Energy Consumed: 2968.71
Avg Q_Loss: 0.0017, Avg Policy_Loss: 0.5820
Noise Scale: 0.0453
Replay Buffer Size: 231388
Total Steps: 1853
--- Episode 130 ---
Episode Reward: -44.14879146771275
Episode Success Ratio: 90.52%
Total Completed: 802/886
Total Missed: 84/886
Total Energy Consumed: 2734.88
Avg Q_Loss: 0.0017, Avg Policy_Loss: 0.5856
Noise Scale: 0.0448
Replay Buffer Size: 233169
Total Steps: 1781
--- Episode 131 ---
Episode Reward: -42.28912580057027
Episode Success Ratio: 91.81%
Total Completed: 796/867
Total Missed: 71/867
Total Energy Consumed: 2808.91
Avg Q_Loss: 0.0016, Avg Policy_Loss: 0.5889
Noise Scale: 0.0443
Replay Buffer Size: 234911
Total Steps: 1742
--- Episode 132 ---
Episode Reward: -38.91518509442205
Episode Success Ratio: 95.87%
Total Completed: 859/896
Total Missed: 37/896
Total Energy Consumed: 3151.52
Avg Q_Loss: 0.0018, Avg Policy_Loss: 0.5958
Noise Scale: 0.0438
Replay Buffer Size: 236711
Total Steps: 1800
--- Episode 133 ---
Episode Reward: -41.48024942465592
Episode Success Ratio: 95.21%
Total Completed: 875/919
Total Missed: 44/919
Total Energy Consumed: 3268.02
Avg Q_Loss: 0.0016, Avg Policy_Loss: 0.5995
Noise Scale: 0.0433
Replay Buffer Size: 238554
Total Steps: 1843
--- Episode 134 ---
Episode Reward: -43.97639260520303
Episode Success Ratio: 93.12%
Total Completed: 839/901
Total Missed: 62/901
Total Energy Consumed: 3157.64
Avg Q_Loss: 0.0016, Avg Policy_Loss: 0.6046
Noise Scale: 0.0428
Replay Buffer Size: 240364
Total Steps: 1810
--- Episode 135 ---
Episode Reward: -43.58670353116472
Episode Success Ratio: 94.88%
Total Completed: 871/918
Total Missed: 47/918
Total Energy Consumed: 3418.67
Avg Q_Loss: 0.0017, Avg Policy_Loss: 0.6051
Noise Scale: 0.0423
Replay Buffer Size: 242212
Total Steps: 1848
--- Episode 136 ---
Episode Reward: -42.55618408667899
Episode Success Ratio: 94.21%
Total Completed: 846/898
Total Missed: 52/898
Total Energy Consumed: 3215.62
Avg Q_Loss: 0.0017, Avg Policy_Loss: 0.6133
Noise Scale: 0.0418
Replay Buffer Size: 244014
Total Steps: 1802
--- Episode 137 ---
Episode Reward: -46.5203587074215
Episode Success Ratio: 94.93%
Total Completed: 898/946
Total Missed: 48/946
Total Energy Consumed: 3692.04
Avg Q_Loss: 0.0018, Avg Policy_Loss: 0.6168
Noise Scale: 0.0413
Replay Buffer Size: 245915
Total Steps: 1901
--- Episode 138 ---
Episode Reward: -39.16557508277681
Episode Success Ratio: 96.91%
Total Completed: 879/907
Total Missed: 28/907
Total Energy Consumed: 3356.56
Avg Q_Loss: 0.0017, Avg Policy_Loss: 0.6189
Noise Scale: 0.0408
Replay Buffer Size: 247730
Total Steps: 1815
--- Episode 139 ---
Episode Reward: -39.70025042088696
Episode Success Ratio: 97.35%
Total Completed: 845/868
Total Missed: 23/868
Total Energy Consumed: 3510.03
Avg Q_Loss: 0.0019, Avg Policy_Loss: 0.6254
Noise Scale: 0.0404
Replay Buffer Size: 249473
Total Steps: 1743
--- Episode 140 ---
Episode Reward: -37.9384756664157
Episode Success Ratio: 99.11%
Total Completed: 888/896
Total Missed: 8/896
Total Energy Consumed: 3633.85
Avg Q_Loss: 0.0018, Avg Policy_Loss: 0.6221
Noise Scale: 0.0399
Replay Buffer Size: 251275
Total Steps: 1802
--- Episode 141 ---
Episode Reward: -39.584538874417895
Episode Success Ratio: 98.27%
Total Completed: 909/925
Total Missed: 16/925
Total Energy Consumed: 3638.45
Avg Q_Loss: 0.0016, Avg Policy_Loss: 0.6274
Noise Scale: 0.0394
Replay Buffer Size: 253133
Total Steps: 1858
--- Episode 142 ---
Episode Reward: -39.519705626445564
Episode Success Ratio: 99.34%
Total Completed: 908/914
Total Missed: 6/914
Total Energy Consumed: 3831.97
Avg Q_Loss: 0.0016, Avg Policy_Loss: 0.6255
Noise Scale: 0.0390
Replay Buffer Size: 254967
Total Steps: 1834
--- Episode 143 ---
Episode Reward: -39.74216933861399
Episode Success Ratio: 99.66%
Total Completed: 891/894
Total Missed: 3/894
Total Energy Consumed: 3914.22
Avg Q_Loss: 0.0019, Avg Policy_Loss: 0.6249
Noise Scale: 0.0386
Replay Buffer Size: 256760
Total Steps: 1793
--- Episode 144 ---
Episode Reward: -42.57837589901555
Episode Success Ratio: 98.99%
Total Completed: 882/891
Total Missed: 9/891
Total Energy Consumed: 4077.84
Avg Q_Loss: 0.0015, Avg Policy_Loss: 0.6300
Noise Scale: 0.0381
Replay Buffer Size: 258547
Total Steps: 1787
--- Episode 145 ---
Episode Reward: -43.52040730091268
Episode Success Ratio: 99.11%
Total Completed: 889/897
Total Missed: 8/897
Total Energy Consumed: 4192.04
Avg Q_Loss: 0.0017, Avg Policy_Loss: 0.6360
Noise Scale: 0.0377
Replay Buffer Size: 260348
Total Steps: 1801
--- Episode 146 ---
Episode Reward: -39.75682975919397
Episode Success Ratio: 99.66%
Total Completed: 890/893
Total Missed: 3/893
Total Energy Consumed: 3915.68
Avg Q_Loss: 0.0017, Avg Policy_Loss: 0.6453
Noise Scale: 0.0372
Replay Buffer Size: 262145
Total Steps: 1797
--- Episode 147 ---
Episode Reward: -38.90992936012174
Episode Success Ratio: 99.66%
Total Completed: 885/888
Total Missed: 3/888
Total Energy Consumed: 3830.99
Avg Q_Loss: 0.0017, Avg Policy_Loss: 0.6451
Noise Scale: 0.0368
Replay Buffer Size: 263928
Total Steps: 1783
--- Episode 148 ---
Episode Reward: -37.656930079694085
Episode Success Ratio: 100.00%
Total Completed: 935/935
Total Missed: 0/935
Total Energy Consumed: 3765.69
Avg Q_Loss: 0.0017, Avg Policy_Loss: 0.6455
Noise Scale: 0.0364
Replay Buffer Size: 265801
Total Steps: 1873
--- Episode 149 ---
Episode Reward: -39.635439830397935
Episode Success Ratio: 99.67%
Total Completed: 894/897
Total Missed: 3/897
Total Energy Consumed: 3903.54
Avg Q_Loss: 0.0015, Avg Policy_Loss: 0.6475
Noise Scale: 0.0360
Replay Buffer Size: 267601
Total Steps: 1800
--- Episode 150 ---
Episode Reward: -36.99604992108382
Episode Success Ratio: 98.95%
Total Completed: 845/854
Total Missed: 9/854
Total Energy Consumed: 3519.61
Avg Q_Loss: 0.0017, Avg Policy_Loss: 0.6510
Noise Scale: 0.0356
Replay Buffer Size: 269318
Total Steps: 1717
--- Episode 151 ---
Episode Reward: -38.296130266737975
Episode Success Ratio: 97.73%
Total Completed: 863/883
Total Missed: 20/883
Total Energy Consumed: 3429.61
Avg Q_Loss: 0.0017, Avg Policy_Loss: 0.6570
Noise Scale: 0.0352
Replay Buffer Size: 271094
Total Steps: 1776
--- Episode 152 ---
Episode Reward: -34.669638432288494
Episode Success Ratio: 98.25%
Total Completed: 840/855
Total Missed: 15/855
Total Energy Consumed: 3166.96
Avg Q_Loss: 0.0016, Avg Policy_Loss: 0.6512
Noise Scale: 0.0348
Replay Buffer Size: 272815
Total Steps: 1721
--- Episode 153 ---
Episode Reward: -37.14494084359682
Episode Success Ratio: 99.14%
Total Completed: 918/926
Total Missed: 8/926
Total Energy Consumed: 3554.49
Avg Q_Loss: 0.0020, Avg Policy_Loss: 0.6603
Noise Scale: 0.0344
Replay Buffer Size: 274670
Total Steps: 1855
--- Episode 154 ---
Episode Reward: -40.85166858423949
Episode Success Ratio: 98.73%
Total Completed: 933/945
Total Missed: 12/945
Total Energy Consumed: 3845.17
Avg Q_Loss: 0.0017, Avg Policy_Loss: 0.6674
Noise Scale: 0.0340
Replay Buffer Size: 276571
Total Steps: 1901
--- Episode 155 ---
Episode Reward: -39.19559289718233
Episode Success Ratio: 99.56%
Total Completed: 895/899
Total Missed: 4/899
Total Energy Consumed: 3839.56
Avg Q_Loss: 0.0014, Avg Policy_Loss: 0.6734
Noise Scale: 0.0336
Replay Buffer Size: 278375
Total Steps: 1804
--- Episode 156 ---
Episode Reward: -38.69194827970196
Episode Success Ratio: 98.02%
Total Completed: 840/857
Total Missed: 17/857
Total Energy Consumed: 3529.19
Avg Q_Loss: 0.0017, Avg Policy_Loss: 0.6732
Noise Scale: 0.0332
Replay Buffer Size: 280098
Total Steps: 1723
--- Episode 157 ---
Episode Reward: -38.43313022178734
Episode Success Ratio: 98.91%
Total Completed: 909/919
Total Missed: 10/919
Total Energy Consumed: 3643.31
Avg Q_Loss: 0.0016, Avg Policy_Loss: 0.6784
Noise Scale: 0.0328
Replay Buffer Size: 281944
Total Steps: 1846
--- Episode 158 ---
Episode Reward: -37.42381069704097
Episode Success Ratio: 98.87%
Total Completed: 878/888
Total Missed: 10/888
Total Energy Consumed: 3542.38
Avg Q_Loss: 0.0018, Avg Policy_Loss: 0.6767
Noise Scale: 0.0324
Replay Buffer Size: 283728
Total Steps: 1784
--- Episode 159 ---
Episode Reward: -38.58474220363387
Episode Success Ratio: 98.30%
Total Completed: 867/882
Total Missed: 15/882
Total Energy Consumed: 3558.47
Avg Q_Loss: 0.0016, Avg Policy_Loss: 0.6833
Noise Scale: 0.0321
Replay Buffer Size: 285504
Total Steps: 1776
--- Episode 160 ---
Episode Reward: -36.07779167011384
Episode Success Ratio: 98.74%
Total Completed: 861/872
Total Missed: 11/872
Total Energy Consumed: 3387.78
Avg Q_Loss: 0.0016, Avg Policy_Loss: 0.6839
Noise Scale: 0.0317
Replay Buffer Size: 287260
Total Steps: 1756
--- Episode 161 ---
Episode Reward: -36.5488671061286
Episode Success Ratio: 98.19%
Total Completed: 870/886
Total Missed: 16/886
Total Energy Consumed: 3334.89
Avg Q_Loss: 0.0015, Avg Policy_Loss: 0.6919
Noise Scale: 0.0313
Replay Buffer Size: 289038
Total Steps: 1778
--- Episode 162 ---
Episode Reward: -37.05985947527912
Episode Success Ratio: 98.76%
Total Completed: 877/888
Total Missed: 11/888
Total Energy Consumed: 3485.99
Avg Q_Loss: 0.0017, Avg Policy_Loss: 0.6938
Noise Scale: 0.0310
Replay Buffer Size: 290820
Total Steps: 1782
--- Episode 163 ---
Episode Reward: -36.012236773238484
Episode Success Ratio: 98.87%
Total Completed: 877/887
Total Missed: 10/887
Total Energy Consumed: 3401.22
Avg Q_Loss: 0.0017, Avg Policy_Loss: 0.6910
Noise Scale: 0.0306
Replay Buffer Size: 292603
Total Steps: 1783
--- Episode 164 ---
Episode Reward: -38.63570285831048
Episode Success Ratio: 98.79%
Total Completed: 895/906
Total Missed: 11/906
Total Energy Consumed: 3643.57
Avg Q_Loss: 0.0016, Avg Policy_Loss: 0.7003
Noise Scale: 0.0303
Replay Buffer Size: 294421
Total Steps: 1818
--- Episode 165 ---
Episode Reward: -35.461154478938454
Episode Success Ratio: 98.18%
Total Completed: 865/881
Total Missed: 16/881
Total Energy Consumed: 3226.12
Avg Q_Loss: 0.0014, Avg Policy_Loss: 0.7044
Noise Scale: 0.0299
Replay Buffer Size: 296189
Total Steps: 1768
--- Episode 166 ---
Episode Reward: -36.319189692685676
Episode Success Ratio: 98.68%
Total Completed: 820/831
Total Missed: 11/831
Total Energy Consumed: 3411.92
Avg Q_Loss: 0.0016, Avg Policy_Loss: 0.6987
Noise Scale: 0.0296
Replay Buffer Size: 297860
Total Steps: 1671
--- Episode 167 ---
Episode Reward: -38.48427927272043
Episode Success Ratio: 98.81%
Total Completed: 912/923
Total Missed: 11/923
Total Energy Consumed: 3628.43
Avg Q_Loss: 0.0016, Avg Policy_Loss: 0.7056
Noise Scale: 0.0292
Replay Buffer Size: 299717
Total Steps: 1857
--- Episode 168 ---
Episode Reward: -40.692942227895536
Episode Success Ratio: 97.70%
Total Completed: 893/914
Total Missed: 21/914
Total Energy Consumed: 3649.29
Avg Q_Loss: 0.0014, Avg Policy_Loss: 0.7169
Noise Scale: 0.0289
Replay Buffer Size: 301554
Total Steps: 1837
--- Episode 169 ---
Episode Reward: -39.61627227409751
Episode Success Ratio: 99.04%
Total Completed: 924/933
Total Missed: 9/933
Total Energy Consumed: 3781.63
Avg Q_Loss: 0.0015, Avg Policy_Loss: 0.7172
Noise Scale: 0.0286
Replay Buffer Size: 303426
Total Steps: 1872
--- Episode 170 ---
Episode Reward: -39.71848260526153
Episode Success Ratio: 98.44%
Total Completed: 882/896
Total Missed: 14/896
Total Energy Consumed: 3691.85
Avg Q_Loss: 0.0020, Avg Policy_Loss: 0.7175
Noise Scale: 0.0283
Replay Buffer Size: 305223
Total Steps: 1797
--- Episode 171 ---
Episode Reward: -38.26431730829134
Episode Success Ratio: 98.83%
Total Completed: 932/943
Total Missed: 11/943
Total Energy Consumed: 3606.43
Avg Q_Loss: 0.0014, Avg Policy_Loss: 0.7266
Noise Scale: 0.0279
Replay Buffer Size: 307112
Total Steps: 1889
--- Episode 172 ---
Episode Reward: -39.92773670890479
Episode Success Ratio: 97.87%
Total Completed: 872/891
Total Missed: 19/891
Total Energy Consumed: 3612.77
Avg Q_Loss: 0.0013, Avg Policy_Loss: 0.7263
Noise Scale: 0.0276
Replay Buffer Size: 308902
Total Steps: 1790
--- Episode 173 ---
Episode Reward: -34.59511262563885
Episode Success Ratio: 98.66%
Total Completed: 883/895
Total Missed: 12/895
Total Energy Consumed: 3219.51
Avg Q_Loss: 0.0017, Avg Policy_Loss: 0.7273
Noise Scale: 0.0273
Replay Buffer Size: 310701
Total Steps: 1799
--- Episode 174 ---
Episode Reward: -39.78409127208948
Episode Success Ratio: 97.05%
Total Completed: 854/880
Total Missed: 26/880
Total Energy Consumed: 3458.41
Avg Q_Loss: 0.0014, Avg Policy_Loss: 0.7277
Noise Scale: 0.0270
Replay Buffer Size: 312470
Total Steps: 1769
--- Episode 175 ---
Episode Reward: -39.49352062751113
Episode Success Ratio: 97.53%
Total Completed: 949/973
Total Missed: 24/973
Total Energy Consumed: 3469.35
Avg Q_Loss: 0.0016, Avg Policy_Loss: 0.7376
Noise Scale: 0.0267
Replay Buffer Size: 314423
Total Steps: 1953
--- Episode 176 ---
Episode Reward: -35.942707835987505
Episode Success Ratio: 99.13%
Total Completed: 911/919
Total Missed: 8/919
Total Energy Consumed: 3434.27
Avg Q_Loss: 0.0014, Avg Policy_Loss: 0.7402
Noise Scale: 0.0264
Replay Buffer Size: 316271
Total Steps: 1848
--- Episode 177 ---
Episode Reward: -36.05853092495875
Episode Success Ratio: 98.80%
Total Completed: 904/915
Total Missed: 11/915
Total Energy Consumed: 3385.85
Avg Q_Loss: 0.0019, Avg Policy_Loss: 0.7387
Noise Scale: 0.0261
Replay Buffer Size: 318111
Total Steps: 1840
--- Episode 178 ---
Episode Reward: -34.923857354304566
Episode Success Ratio: 98.35%
Total Completed: 892/907
Total Missed: 15/907
Total Energy Consumed: 3192.39
Avg Q_Loss: 0.0017, Avg Policy_Loss: 0.7465
Noise Scale: 0.0258
Replay Buffer Size: 319934
Total Steps: 1823
--- Episode 179 ---
Episode Reward: -37.05646712805463
Episode Success Ratio: 98.71%
Total Completed: 919/931
Total Missed: 12/931
Total Energy Consumed: 3465.65
Avg Q_Loss: 0.0014, Avg Policy_Loss: 0.7473
Noise Scale: 0.0255
Replay Buffer Size: 321805
Total Steps: 1871
--- Episode 180 ---
Episode Reward: -34.3523512635411
Episode Success Ratio: 99.46%
Total Completed: 917/922
Total Missed: 5/922
Total Energy Consumed: 3335.24
Avg Q_Loss: 0.0016, Avg Policy_Loss: 0.7529
Noise Scale: 0.0252
Replay Buffer Size: 323655
Total Steps: 1850
--- Episode 181 ---
Episode Reward: -30.741229064005424
Episode Success Ratio: 99.77%
Total Completed: 867/869
Total Missed: 2/869
Total Energy Consumed: 3034.12
Avg Q_Loss: 0.0015, Avg Policy_Loss: 0.7519
Noise Scale: 0.0249
Replay Buffer Size: 325399
Total Steps: 1744
--- Episode 182 ---
Episode Reward: -33.70075184900521
Episode Success Ratio: 99.32%
Total Completed: 873/879
Total Missed: 6/879
Total Energy Consumed: 3250.08
Avg Q_Loss: 0.0017, Avg Policy_Loss: 0.7543
Noise Scale: 0.0246
Replay Buffer Size: 327167
Total Steps: 1768
--- Episode 183 ---
Episode Reward: -34.015118215359244
Episode Success Ratio: 99.32%
Total Completed: 874/880
Total Missed: 6/880
Total Energy Consumed: 3281.51
Avg Q_Loss: 0.0014, Avg Policy_Loss: 0.7579
Noise Scale: 0.0243
Replay Buffer Size: 328938
Total Steps: 1771
--- Episode 184 ---
Episode Reward: -31.06516648223895
Episode Success Ratio: 99.66%
Total Completed: 875/878
Total Missed: 3/878
Total Energy Consumed: 3046.52
Avg Q_Loss: 0.0013, Avg Policy_Loss: 0.7575
Noise Scale: 0.0240
Replay Buffer Size: 330705
Total Steps: 1767
--- Episode 185 ---
Episode Reward: -33.46613112855744
Episode Success Ratio: 99.78%
Total Completed: 918/920
Total Missed: 2/920
Total Energy Consumed: 3306.61
Avg Q_Loss: 0.0015, Avg Policy_Loss: 0.7695
Noise Scale: 0.0238
Replay Buffer Size: 332555
Total Steps: 1850
--- Episode 186 ---
Episode Reward: -32.18739779788696
Episode Success Ratio: 99.32%
Total Completed: 874/880
Total Missed: 6/880
Total Energy Consumed: 3098.74
Avg Q_Loss: 0.0012, Avg Policy_Loss: 0.7665
Noise Scale: 0.0235
Replay Buffer Size: 334323
Total Steps: 1768
--- Episode 187 ---
Episode Reward: -33.307263911864
Episode Success Ratio: 99.89%
Total Completed: 882/883
Total Missed: 1/883
Total Energy Consumed: 3310.73
Avg Q_Loss: 0.0015, Avg Policy_Loss: 0.7660
Noise Scale: 0.0232
Replay Buffer Size: 336099
Total Steps: 1776
--- Episode 188 ---
Episode Reward: -31.748063673907232
Episode Success Ratio: 99.89%
Total Completed: 892/893
Total Missed: 1/893
Total Energy Consumed: 3154.81
Avg Q_Loss: 0.0015, Avg Policy_Loss: 0.7767
Noise Scale: 0.0230
Replay Buffer Size: 337895
Total Steps: 1796
--- Episode 189 ---
Episode Reward: -36.01858469626765
Episode Success Ratio: 99.56%
Total Completed: 899/903
Total Missed: 4/903
Total Energy Consumed: 3521.86
Avg Q_Loss: 0.0019, Avg Policy_Loss: 0.7792
Noise Scale: 0.0227
Replay Buffer Size: 339710
Total Steps: 1815
--- Episode 190 ---
Episode Reward: -30.81670767862256
Episode Success Ratio: 99.17%
Total Completed: 840/847
Total Missed: 7/847
Total Energy Consumed: 2941.67
Avg Q_Loss: 0.0017, Avg Policy_Loss: 0.7745
Noise Scale: 0.0224
Replay Buffer Size: 341420
Total Steps: 1710
--- Episode 191 ---
Episode Reward: -29.837571510159545
Episode Success Ratio: 99.89%
Total Completed: 888/889
Total Missed: 1/889
Total Energy Consumed: 2963.76
Avg Q_Loss: 0.0019, Avg Policy_Loss: 0.7794
Noise Scale: 0.0222
Replay Buffer Size: 343208
Total Steps: 1788
--- Episode 192 ---
Episode Reward: -31.3358857380499
Episode Success Ratio: 99.89%
Total Completed: 882/883
Total Missed: 1/883
Total Energy Consumed: 3113.59
Avg Q_Loss: 0.0017, Avg Policy_Loss: 0.7854
Noise Scale: 0.0219
Replay Buffer Size: 344983
Total Steps: 1775
--- Episode 193 ---
Episode Reward: -31.644575459568294
Episode Success Ratio: 99.53%
Total Completed: 855/859
Total Missed: 4/859
Total Energy Consumed: 3084.46
Avg Q_Loss: 0.0014, Avg Policy_Loss: 0.7899
Noise Scale: 0.0217
Replay Buffer Size: 346712
Total Steps: 1729
--- Episode 194 ---
Episode Reward: -27.729602388737298
Episode Success Ratio: 99.65%
Total Completed: 859/862
Total Missed: 3/862
Total Energy Consumed: 2712.96
Avg Q_Loss: 0.0015, Avg Policy_Loss: 0.7876
Noise Scale: 0.0214
Replay Buffer Size: 348447
Total Steps: 1735
--- Episode 195 ---
Episode Reward: -36.04247214510829
Episode Success Ratio: 99.89%
Total Completed: 941/942
Total Missed: 1/942
Total Energy Consumed: 3584.25
Avg Q_Loss: 0.0014, Avg Policy_Loss: 0.7886
Noise Scale: 0.0212
Replay Buffer Size: 350341
Total Steps: 1894
--- Episode 196 ---
Episode Reward: -32.18623932707283
Episode Success Ratio: 100.00%
Total Completed: 865/865
Total Missed: 0/865
Total Energy Consumed: 3218.62
Avg Q_Loss: 0.0014, Avg Policy_Loss: 0.7959
Noise Scale: 0.0209
Replay Buffer Size: 352084
Total Steps: 1743
--- Episode 197 ---
Episode Reward: -29.073728563122273
Episode Success Ratio: 100.00%
Total Completed: 912/912
Total Missed: 0/912
Total Energy Consumed: 2907.37
Avg Q_Loss: 0.0013, Avg Policy_Loss: 0.7932
Noise Scale: 0.0207
Replay Buffer Size: 353921
Total Steps: 1837
--- Episode 198 ---
Episode Reward: -30.980493276720992
Episode Success Ratio: 99.43%
Total Completed: 869/874
Total Missed: 5/874
Total Energy Consumed: 2998.05
Avg Q_Loss: 0.0016, Avg Policy_Loss: 0.8015
Noise Scale: 0.0205
Replay Buffer Size: 355675
Total Steps: 1754
--- Episode 199 ---
Episode Reward: -30.008992609999925
Episode Success Ratio: 100.00%
Total Completed: 916/916
Total Missed: 0/916
Total Energy Consumed: 3000.90
Avg Q_Loss: 0.0015, Avg Policy_Loss: 0.8056
Noise Scale: 0.0202
Replay Buffer Size: 357516
Total Steps: 1841
--- Episode 200 ---
Episode Reward: -31.794408488873874
Episode Success Ratio: 99.77%
Total Completed: 870/872
Total Missed: 2/872
Total Energy Consumed: 3139.44
Avg Q_Loss: 0.0012, Avg Policy_Loss: 0.8069
Noise Scale: 0.0200
Replay Buffer Size: 359274
Total Steps: 1758
Models saved to ./saves/experiment-2/ep_200
Training finished.
Starting fixed task set performance comparison...
Loaded fixed task set with per-core utilization: 0.5000
Testing with 100 different arrival time patterns
Loading RL agent model from: ./saves/experiment-2/ep_200

Test run 1/100
RL   - Success: 99.65%, Energy: 2854.78, Completed: 856, Missed: 3
GEDF - Success: 100.00%, Energy: 5365.60, Completed: 955, Missed: 0
ES-DVFS - Success: 70.06%, Energy: 1159.85, Completed: 627, Missed: 268

Test run 2/100
RL   - Success: 99.65%, Energy: 2966.24, Completed: 855, Missed: 3
GEDF - Success: 100.00%, Energy: 4926.81, Completed: 869, Missed: 0
ES-DVFS - Success: 69.66%, Energy: 1046.18, Completed: 597, Missed: 260

Test run 3/100
RL   - Success: 99.55%, Energy: 2932.76, Completed: 893, Missed: 4
GEDF - Success: 100.00%, Energy: 5291.77, Completed: 881, Missed: 0
ES-DVFS - Success: 66.81%, Energy: 1274.40, Completed: 612, Missed: 304

Test run 4/100
RL   - Success: 99.77%, Energy: 2850.71, Completed: 883, Missed: 2
GEDF - Success: 100.00%, Energy: 5200.41, Completed: 922, Missed: 0
ES-DVFS - Success: 68.04%, Energy: 1184.32, Completed: 628, Missed: 295

Test run 5/100
RL   - Success: 100.00%, Energy: 2877.57, Completed: 866, Missed: 0
GEDF - Success: 100.00%, Energy: 5006.61, Completed: 905, Missed: 0
ES-DVFS - Success: 71.11%, Energy: 1291.56, Completed: 640, Missed: 260

Test run 6/100
RL   - Success: 99.90%, Energy: 3393.97, Completed: 973, Missed: 1
GEDF - Success: 100.00%, Energy: 5017.27, Completed: 868, Missed: 0
ES-DVFS - Success: 65.30%, Energy: 1142.88, Completed: 557, Missed: 296

Test run 7/100
RL   - Success: 99.89%, Energy: 3122.08, Completed: 906, Missed: 1
GEDF - Success: 100.00%, Energy: 4950.19, Completed: 871, Missed: 0
ES-DVFS - Success: 65.45%, Energy: 1186.09, Completed: 576, Missed: 304

Test run 8/100
RL   - Success: 99.88%, Energy: 2890.56, Completed: 843, Missed: 1
GEDF - Success: 100.00%, Energy: 5157.27, Completed: 919, Missed: 0
ES-DVFS - Success: 67.53%, Energy: 1337.37, Completed: 597, Missed: 287

Test run 9/100
RL   - Success: 99.77%, Energy: 3253.39, Completed: 857, Missed: 2
GEDF - Success: 100.00%, Energy: 5075.13, Completed: 923, Missed: 0
ES-DVFS - Success: 68.23%, Energy: 1124.32, Completed: 610, Missed: 284

Test run 10/100
RL   - Success: 99.89%, Energy: 2758.04, Completed: 889, Missed: 1
GEDF - Success: 100.00%, Energy: 5309.50, Completed: 900, Missed: 0
ES-DVFS - Success: 64.78%, Energy: 1162.51, Completed: 596, Missed: 324

Test run 11/100
RL   - Success: 99.68%, Energy: 3222.08, Completed: 924, Missed: 3
GEDF - Success: 100.00%, Energy: 5224.08, Completed: 913, Missed: 0
ES-DVFS - Success: 67.38%, Energy: 1224.32, Completed: 599, Missed: 290

Test run 12/100
RL   - Success: 99.89%, Energy: 3108.40, Completed: 870, Missed: 1
GEDF - Success: 100.00%, Energy: 4913.12, Completed: 886, Missed: 0
ES-DVFS - Success: 67.27%, Energy: 1116.68, Completed: 594, Missed: 289

Test run 13/100
RL   - Success: 100.00%, Energy: 3144.80, Completed: 899, Missed: 0
GEDF - Success: 100.00%, Energy: 5481.97, Completed: 961, Missed: 0
ES-DVFS - Success: 67.72%, Energy: 1073.31, Completed: 621, Missed: 296

Test run 14/100
RL   - Success: 99.78%, Energy: 2952.52, Completed: 891, Missed: 2
GEDF - Success: 100.00%, Energy: 5313.91, Completed: 965, Missed: 0
ES-DVFS - Success: 63.15%, Energy: 1024.01, Completed: 533, Missed: 311

Test run 15/100
RL   - Success: 99.64%, Energy: 2932.85, Completed: 821, Missed: 3
GEDF - Success: 100.00%, Energy: 5209.57, Completed: 942, Missed: 0
ES-DVFS - Success: 65.04%, Energy: 1375.02, Completed: 588, Missed: 316

Test run 16/100
RL   - Success: 99.67%, Energy: 3296.56, Completed: 898, Missed: 3
GEDF - Success: 100.00%, Energy: 5179.73, Completed: 898, Missed: 0
ES-DVFS - Success: 63.09%, Energy: 1004.40, Completed: 523, Missed: 306

Test run 17/100
RL   - Success: 99.89%, Energy: 2846.68, Completed: 871, Missed: 1
GEDF - Success: 100.00%, Energy: 5232.49, Completed: 869, Missed: 0
ES-DVFS - Success: 61.57%, Energy: 1031.67, Completed: 527, Missed: 329

Test run 18/100
RL   - Success: 99.78%, Energy: 3322.82, Completed: 901, Missed: 2
GEDF - Success: 100.00%, Energy: 5148.93, Completed: 864, Missed: 0
ES-DVFS - Success: 66.86%, Energy: 1062.09, Completed: 565, Missed: 280

Test run 19/100
RL   - Success: 99.78%, Energy: 3050.53, Completed: 897, Missed: 2
GEDF - Success: 100.00%, Energy: 5427.71, Completed: 933, Missed: 0
ES-DVFS - Success: 70.31%, Energy: 1269.60, Completed: 630, Missed: 266

Test run 20/100
RL   - Success: 99.79%, Energy: 3065.73, Completed: 932, Missed: 2
GEDF - Success: 100.00%, Energy: 5286.54, Completed: 885, Missed: 0
ES-DVFS - Success: 69.45%, Energy: 1129.58, Completed: 598, Missed: 263

Test run 21/100
RL   - Success: 99.54%, Energy: 2845.09, Completed: 873, Missed: 4
GEDF - Success: 100.00%, Energy: 5005.85, Completed: 886, Missed: 0
ES-DVFS - Success: 66.02%, Energy: 1136.82, Completed: 579, Missed: 298

Test run 22/100
RL   - Success: 99.66%, Energy: 3039.11, Completed: 875, Missed: 3
GEDF - Success: 100.00%, Energy: 4957.34, Completed: 891, Missed: 0
ES-DVFS - Success: 62.59%, Energy: 985.96, Completed: 527, Missed: 315

Test run 23/100
RL   - Success: 99.89%, Energy: 3184.53, Completed: 938, Missed: 1
GEDF - Success: 100.00%, Energy: 5150.41, Completed: 881, Missed: 0
ES-DVFS - Success: 64.09%, Energy: 1152.16, Completed: 573, Missed: 321

Test run 24/100
RL   - Success: 99.89%, Energy: 3129.65, Completed: 928, Missed: 1
GEDF - Success: 100.00%, Energy: 5207.06, Completed: 927, Missed: 0
ES-DVFS - Success: 68.92%, Energy: 1222.31, Completed: 572, Missed: 258

Test run 25/100
RL   - Success: 99.44%, Energy: 3110.83, Completed: 882, Missed: 5
GEDF - Success: 100.00%, Energy: 5153.98, Completed: 871, Missed: 0
ES-DVFS - Success: 65.73%, Energy: 1144.80, Completed: 585, Missed: 305

Test run 26/100
RL   - Success: 100.00%, Energy: 3225.04, Completed: 887, Missed: 0
GEDF - Success: 100.00%, Energy: 5310.87, Completed: 903, Missed: 0
ES-DVFS - Success: 66.28%, Energy: 1075.18, Completed: 566, Missed: 288

Test run 27/100
RL   - Success: 99.89%, Energy: 2967.12, Completed: 901, Missed: 1
GEDF - Success: 100.00%, Energy: 5320.81, Completed: 937, Missed: 0
ES-DVFS - Success: 70.03%, Energy: 1273.79, Completed: 631, Missed: 270

Test run 28/100
RL   - Success: 99.89%, Energy: 3143.65, Completed: 917, Missed: 1
GEDF - Success: 100.00%, Energy: 5225.27, Completed: 923, Missed: 0
ES-DVFS - Success: 66.31%, Energy: 1165.29, Completed: 612, Missed: 311

Test run 29/100
RL   - Success: 99.77%, Energy: 2898.07, Completed: 852, Missed: 2
GEDF - Success: 100.00%, Energy: 5045.01, Completed: 896, Missed: 0
ES-DVFS - Success: 71.27%, Energy: 1159.57, Completed: 630, Missed: 254

Test run 30/100
RL   - Success: 99.89%, Energy: 3169.02, Completed: 908, Missed: 1
GEDF - Success: 100.00%, Energy: 4977.37, Completed: 867, Missed: 0
ES-DVFS - Success: 65.21%, Energy: 1128.86, Completed: 596, Missed: 318

Test run 31/100
RL   - Success: 99.77%, Energy: 2767.39, Completed: 871, Missed: 2
GEDF - Success: 100.00%, Energy: 5311.62, Completed: 912, Missed: 0
ES-DVFS - Success: 66.37%, Energy: 1164.52, Completed: 594, Missed: 301

Test run 32/100
RL   - Success: 99.47%, Energy: 3394.02, Completed: 936, Missed: 5
GEDF - Success: 100.00%, Energy: 5226.09, Completed: 906, Missed: 0
ES-DVFS - Success: 68.85%, Energy: 1220.87, Completed: 599, Missed: 271

Test run 33/100
RL   - Success: 99.88%, Energy: 2991.40, Completed: 867, Missed: 1
GEDF - Success: 100.00%, Energy: 5246.65, Completed: 941, Missed: 0
ES-DVFS - Success: 61.87%, Energy: 1184.21, Completed: 568, Missed: 350

Test run 34/100
RL   - Success: 99.67%, Energy: 2942.60, Completed: 898, Missed: 3
GEDF - Success: 100.00%, Energy: 5042.10, Completed: 911, Missed: 0
ES-DVFS - Success: 67.69%, Energy: 1183.99, Completed: 597, Missed: 285

Test run 35/100
RL   - Success: 99.76%, Energy: 2888.71, Completed: 838, Missed: 2
GEDF - Success: 100.00%, Energy: 5096.19, Completed: 890, Missed: 0
ES-DVFS - Success: 65.92%, Energy: 1132.23, Completed: 592, Missed: 306

Test run 36/100
RL   - Success: 99.89%, Energy: 3108.20, Completed: 908, Missed: 1
GEDF - Success: 100.00%, Energy: 5258.58, Completed: 898, Missed: 0
ES-DVFS - Success: 67.46%, Energy: 1140.31, Completed: 593, Missed: 286

Test run 37/100
RL   - Success: 99.55%, Energy: 3050.07, Completed: 890, Missed: 4
GEDF - Success: 100.00%, Energy: 5176.19, Completed: 897, Missed: 0
ES-DVFS - Success: 66.51%, Energy: 1229.27, Completed: 582, Missed: 293

Test run 38/100
RL   - Success: 99.66%, Energy: 2940.47, Completed: 883, Missed: 3
GEDF - Success: 100.00%, Energy: 4847.64, Completed: 845, Missed: 0
ES-DVFS - Success: 69.87%, Energy: 1176.54, Completed: 603, Missed: 260

Test run 39/100
RL   - Success: 100.00%, Energy: 3128.64, Completed: 882, Missed: 0
GEDF - Success: 100.00%, Energy: 5003.18, Completed: 852, Missed: 0
ES-DVFS - Success: 66.22%, Energy: 1209.55, Completed: 592, Missed: 302

Test run 40/100
RL   - Success: 99.77%, Energy: 2934.55, Completed: 862, Missed: 2
GEDF - Success: 100.00%, Energy: 5271.63, Completed: 933, Missed: 0
ES-DVFS - Success: 66.94%, Energy: 1157.16, Completed: 579, Missed: 286

Test run 41/100
RL   - Success: 99.67%, Energy: 3149.16, Completed: 919, Missed: 3
GEDF - Success: 100.00%, Energy: 5115.35, Completed: 890, Missed: 0
ES-DVFS - Success: 59.43%, Energy: 1072.81, Completed: 539, Missed: 368

Test run 42/100
RL   - Success: 99.78%, Energy: 3172.70, Completed: 892, Missed: 2
GEDF - Success: 100.00%, Energy: 5165.97, Completed: 923, Missed: 0
ES-DVFS - Success: 67.38%, Energy: 1198.68, Completed: 601, Missed: 291

Test run 43/100
RL   - Success: 99.89%, Energy: 2765.87, Completed: 889, Missed: 1
GEDF - Success: 100.00%, Energy: 5167.83, Completed: 892, Missed: 0
ES-DVFS - Success: 66.97%, Energy: 1169.62, Completed: 580, Missed: 286

Test run 44/100
RL   - Success: 99.77%, Energy: 2816.46, Completed: 879, Missed: 2
GEDF - Success: 100.00%, Energy: 4964.05, Completed: 851, Missed: 0
ES-DVFS - Success: 67.25%, Energy: 1184.41, Completed: 618, Missed: 301

Test run 45/100
RL   - Success: 99.88%, Energy: 2909.57, Completed: 851, Missed: 1
GEDF - Success: 100.00%, Energy: 4892.98, Completed: 860, Missed: 0
ES-DVFS - Success: 70.00%, Energy: 1045.17, Completed: 595, Missed: 255

Test run 46/100
RL   - Success: 99.77%, Energy: 2786.72, Completed: 864, Missed: 2
GEDF - Success: 100.00%, Energy: 5340.69, Completed: 904, Missed: 0
ES-DVFS - Success: 64.83%, Energy: 938.89, Completed: 529, Missed: 287

Test run 47/100
RL   - Success: 99.87%, Energy: 2598.11, Completed: 795, Missed: 1
GEDF - Success: 100.00%, Energy: 5368.93, Completed: 928, Missed: 0
ES-DVFS - Success: 68.01%, Energy: 1075.68, Completed: 572, Missed: 269

Test run 48/100
RL   - Success: 99.89%, Energy: 3152.61, Completed: 922, Missed: 1
GEDF - Success: 100.00%, Energy: 5214.93, Completed: 886, Missed: 0
ES-DVFS - Success: 71.02%, Energy: 1310.84, Completed: 664, Missed: 271

Test run 49/100
RL   - Success: 99.89%, Energy: 2873.04, Completed: 880, Missed: 1
GEDF - Success: 100.00%, Energy: 5161.24, Completed: 894, Missed: 0
ES-DVFS - Success: 68.26%, Energy: 1129.70, Completed: 615, Missed: 286

Test run 50/100
RL   - Success: 100.00%, Energy: 2962.91, Completed: 889, Missed: 0
GEDF - Success: 100.00%, Energy: 5156.55, Completed: 905, Missed: 0
ES-DVFS - Success: 68.05%, Energy: 1184.34, Completed: 624, Missed: 293

Test run 51/100
RL   - Success: 99.66%, Energy: 3001.57, Completed: 892, Missed: 3
GEDF - Success: 100.00%, Energy: 5279.76, Completed: 957, Missed: 0
ES-DVFS - Success: 68.88%, Energy: 1298.43, Completed: 622, Missed: 281

Test run 52/100
RL   - Success: 100.00%, Energy: 3013.17, Completed: 913, Missed: 0
GEDF - Success: 100.00%, Energy: 4954.97, Completed: 870, Missed: 0
ES-DVFS - Success: 64.86%, Energy: 1062.64, Completed: 574, Missed: 311

Test run 53/100
RL   - Success: 99.89%, Energy: 3097.98, Completed: 919, Missed: 1
GEDF - Success: 100.00%, Energy: 5352.46, Completed: 912, Missed: 0
ES-DVFS - Success: 66.48%, Energy: 1199.02, Completed: 589, Missed: 297

Test run 54/100
RL   - Success: 99.64%, Energy: 2987.09, Completed: 832, Missed: 3
GEDF - Success: 100.00%, Energy: 5260.72, Completed: 923, Missed: 0
ES-DVFS - Success: 68.77%, Energy: 1036.39, Completed: 566, Missed: 257

Test run 55/100
RL   - Success: 99.77%, Energy: 2925.75, Completed: 875, Missed: 2
GEDF - Success: 100.00%, Energy: 5341.02, Completed: 902, Missed: 0
ES-DVFS - Success: 69.81%, Energy: 1114.05, Completed: 599, Missed: 259

Test run 56/100
RL   - Success: 99.77%, Energy: 2809.75, Completed: 867, Missed: 2
GEDF - Success: 100.00%, Energy: 5268.78, Completed: 886, Missed: 0
ES-DVFS - Success: 68.39%, Energy: 1202.20, Completed: 623, Missed: 288

Test run 57/100
RL   - Success: 99.78%, Energy: 2966.57, Completed: 898, Missed: 2
GEDF - Success: 100.00%, Energy: 5072.59, Completed: 836, Missed: 0
ES-DVFS - Success: 63.77%, Energy: 1253.56, Completed: 565, Missed: 321

Test run 58/100
RL   - Success: 99.55%, Energy: 3012.38, Completed: 882, Missed: 4
GEDF - Success: 100.00%, Energy: 5223.11, Completed: 905, Missed: 0
ES-DVFS - Success: 64.85%, Energy: 1049.77, Completed: 559, Missed: 303

Test run 59/100
RL   - Success: 99.88%, Energy: 2741.11, Completed: 838, Missed: 1
GEDF - Success: 100.00%, Energy: 5211.12, Completed: 903, Missed: 0
ES-DVFS - Success: 61.20%, Energy: 1045.27, Completed: 563, Missed: 357

Test run 60/100
RL   - Success: 99.56%, Energy: 3045.93, Completed: 910, Missed: 4
GEDF - Success: 100.00%, Energy: 5056.55, Completed: 915, Missed: 0
ES-DVFS - Success: 68.62%, Energy: 1208.05, Completed: 610, Missed: 279

Test run 61/100
RL   - Success: 99.67%, Energy: 2980.77, Completed: 902, Missed: 3
GEDF - Success: 100.00%, Energy: 4996.21, Completed: 873, Missed: 0
ES-DVFS - Success: 65.63%, Energy: 973.57, Completed: 571, Missed: 299

Test run 62/100
RL   - Success: 100.00%, Energy: 3082.08, Completed: 894, Missed: 0
GEDF - Success: 100.00%, Energy: 5135.39, Completed: 883, Missed: 0
ES-DVFS - Success: 69.35%, Energy: 1413.11, Completed: 647, Missed: 286

Test run 63/100
RL   - Success: 99.66%, Energy: 2682.67, Completed: 889, Missed: 3
GEDF - Success: 100.00%, Energy: 5117.44, Completed: 902, Missed: 0
ES-DVFS - Success: 68.52%, Energy: 1186.86, Completed: 603, Missed: 277

Test run 64/100
RL   - Success: 100.00%, Energy: 2936.93, Completed: 919, Missed: 0
GEDF - Success: 100.00%, Energy: 5076.05, Completed: 861, Missed: 0
ES-DVFS - Success: 70.51%, Energy: 1114.76, Completed: 624, Missed: 261

Test run 65/100
RL   - Success: 99.89%, Energy: 3153.64, Completed: 937, Missed: 1
GEDF - Success: 100.00%, Energy: 5079.25, Completed: 883, Missed: 0
ES-DVFS - Success: 64.72%, Energy: 1057.17, Completed: 576, Missed: 314

Test run 66/100
RL   - Success: 99.65%, Energy: 3147.17, Completed: 865, Missed: 3
GEDF - Success: 100.00%, Energy: 5453.92, Completed: 929, Missed: 0
ES-DVFS - Success: 67.58%, Energy: 1142.21, Completed: 594, Missed: 285

Test run 67/100
RL   - Success: 100.00%, Energy: 3174.01, Completed: 962, Missed: 0
GEDF - Success: 100.00%, Energy: 5237.46, Completed: 951, Missed: 0
ES-DVFS - Success: 67.21%, Energy: 1103.88, Completed: 574, Missed: 280

Test run 68/100
RL   - Success: 99.78%, Energy: 3032.62, Completed: 889, Missed: 2
GEDF - Success: 100.00%, Energy: 5267.50, Completed: 905, Missed: 0
ES-DVFS - Success: 70.22%, Energy: 1135.61, Completed: 599, Missed: 254

Test run 69/100
RL   - Success: 100.00%, Energy: 2854.34, Completed: 904, Missed: 0
GEDF - Success: 100.00%, Energy: 5107.59, Completed: 851, Missed: 0
ES-DVFS - Success: 68.68%, Energy: 1093.82, Completed: 658, Missed: 300

Test run 70/100
RL   - Success: 99.88%, Energy: 2805.91, Completed: 863, Missed: 1
GEDF - Success: 100.00%, Energy: 5123.54, Completed: 905, Missed: 0
ES-DVFS - Success: 64.90%, Energy: 1185.34, Completed: 588, Missed: 318

Test run 71/100
RL   - Success: 99.43%, Energy: 3050.56, Completed: 870, Missed: 5
GEDF - Success: 100.00%, Energy: 5105.72, Completed: 893, Missed: 0
ES-DVFS - Success: 71.53%, Energy: 1112.17, Completed: 603, Missed: 240

Test run 72/100
RL   - Success: 99.78%, Energy: 3327.09, Completed: 910, Missed: 2
GEDF - Success: 100.00%, Energy: 5291.28, Completed: 911, Missed: 0
ES-DVFS - Success: 66.56%, Energy: 1326.30, Completed: 599, Missed: 301

Test run 73/100
RL   - Success: 99.53%, Energy: 2974.48, Completed: 839, Missed: 4
GEDF - Success: 100.00%, Energy: 5288.41, Completed: 915, Missed: 0
ES-DVFS - Success: 67.83%, Energy: 1103.78, Completed: 582, Missed: 276

Test run 74/100
RL   - Success: 99.89%, Energy: 3190.23, Completed: 947, Missed: 1
GEDF - Success: 100.00%, Energy: 5250.71, Completed: 902, Missed: 0
ES-DVFS - Success: 66.17%, Energy: 1115.14, Completed: 538, Missed: 275

Test run 75/100
RL   - Success: 99.89%, Energy: 2985.63, Completed: 883, Missed: 1
GEDF - Success: 100.00%, Energy: 5350.56, Completed: 949, Missed: 0
ES-DVFS - Success: 69.72%, Energy: 1098.34, Completed: 608, Missed: 264

Test run 76/100
RL   - Success: 99.89%, Energy: 3183.23, Completed: 885, Missed: 1
GEDF - Success: 100.00%, Energy: 5171.64, Completed: 907, Missed: 0
ES-DVFS - Success: 62.38%, Energy: 1047.07, Completed: 567, Missed: 342

Test run 77/100
RL   - Success: 100.00%, Energy: 3525.15, Completed: 932, Missed: 0
GEDF - Success: 100.00%, Energy: 5385.08, Completed: 926, Missed: 0
ES-DVFS - Success: 65.99%, Energy: 1105.26, Completed: 586, Missed: 302

Test run 78/100
RL   - Success: 100.00%, Energy: 2955.07, Completed: 913, Missed: 0
GEDF - Success: 100.00%, Energy: 5291.82, Completed: 895, Missed: 0
ES-DVFS - Success: 67.93%, Energy: 1203.61, Completed: 608, Missed: 287

Test run 79/100
RL   - Success: 99.65%, Energy: 3264.15, Completed: 851, Missed: 3
GEDF - Success: 100.00%, Energy: 5354.06, Completed: 946, Missed: 0
ES-DVFS - Success: 70.07%, Energy: 1256.25, Completed: 597, Missed: 255

Test run 80/100
RL   - Success: 99.89%, Energy: 2732.52, Completed: 889, Missed: 1
GEDF - Success: 100.00%, Energy: 5173.87, Completed: 938, Missed: 0
ES-DVFS - Success: 71.28%, Energy: 1222.38, Completed: 638, Missed: 257

Test run 81/100
RL   - Success: 99.89%, Energy: 3353.17, Completed: 888, Missed: 1
GEDF - Success: 100.00%, Energy: 5186.80, Completed: 912, Missed: 0
ES-DVFS - Success: 70.25%, Energy: 1087.39, Completed: 602, Missed: 255

Test run 82/100
RL   - Success: 99.65%, Energy: 2994.50, Completed: 862, Missed: 3
GEDF - Success: 100.00%, Energy: 5266.65, Completed: 935, Missed: 0
ES-DVFS - Success: 66.59%, Energy: 1190.79, Completed: 578, Missed: 290

Test run 83/100
RL   - Success: 99.77%, Energy: 3296.47, Completed: 886, Missed: 2
GEDF - Success: 100.00%, Energy: 5212.44, Completed: 890, Missed: 0
ES-DVFS - Success: 68.02%, Energy: 1120.31, Completed: 587, Missed: 276

Test run 84/100
RL   - Success: 99.77%, Energy: 2881.37, Completed: 859, Missed: 2
GEDF - Success: 100.00%, Energy: 5036.20, Completed: 888, Missed: 0
ES-DVFS - Success: 65.02%, Energy: 1138.88, Completed: 565, Missed: 304

Test run 85/100
RL   - Success: 100.00%, Energy: 3251.66, Completed: 971, Missed: 0
GEDF - Success: 100.00%, Energy: 5266.31, Completed: 948, Missed: 0
ES-DVFS - Success: 65.24%, Energy: 1117.45, Completed: 548, Missed: 292

Test run 86/100
RL   - Success: 99.78%, Energy: 3115.17, Completed: 891, Missed: 2
GEDF - Success: 100.00%, Energy: 5097.09, Completed: 896, Missed: 0
ES-DVFS - Success: 65.10%, Energy: 1202.20, Completed: 597, Missed: 320

Test run 87/100
RL   - Success: 99.66%, Energy: 3130.38, Completed: 889, Missed: 3
GEDF - Success: 100.00%, Energy: 5415.07, Completed: 911, Missed: 0
ES-DVFS - Success: 69.41%, Energy: 1374.29, Completed: 624, Missed: 275

Test run 88/100
RL   - Success: 100.00%, Energy: 3246.47, Completed: 923, Missed: 0
GEDF - Success: 100.00%, Energy: 5123.65, Completed: 906, Missed: 0
ES-DVFS - Success: 66.07%, Energy: 1178.91, Completed: 588, Missed: 302

Test run 89/100
RL   - Success: 99.77%, Energy: 2892.02, Completed: 880, Missed: 2
GEDF - Success: 100.00%, Energy: 5247.12, Completed: 935, Missed: 0
ES-DVFS - Success: 70.76%, Energy: 1142.95, Completed: 634, Missed: 262

Test run 90/100
RL   - Success: 99.65%, Energy: 2978.44, Completed: 864, Missed: 3
GEDF - Success: 100.00%, Energy: 5208.50, Completed: 914, Missed: 0
ES-DVFS - Success: 66.63%, Energy: 1157.78, Completed: 571, Missed: 286

Test run 91/100
RL   - Success: 99.77%, Energy: 3182.05, Completed: 876, Missed: 2
GEDF - Success: 100.00%, Energy: 4937.64, Completed: 865, Missed: 0
ES-DVFS - Success: 68.45%, Energy: 1217.03, Completed: 575, Missed: 265

Test run 92/100
RL   - Success: 100.00%, Energy: 3040.90, Completed: 903, Missed: 0
GEDF - Success: 100.00%, Energy: 5241.54, Completed: 927, Missed: 0
ES-DVFS - Success: 71.83%, Energy: 1237.71, Completed: 640, Missed: 251

Test run 93/100
RL   - Success: 99.89%, Energy: 3211.12, Completed: 915, Missed: 1
GEDF - Success: 100.00%, Energy: 5296.96, Completed: 936, Missed: 0
ES-DVFS - Success: 69.64%, Energy: 1120.09, Completed: 617, Missed: 269

Test run 94/100
RL   - Success: 100.00%, Energy: 3119.55, Completed: 912, Missed: 0
GEDF - Success: 100.00%, Energy: 5213.37, Completed: 883, Missed: 0
ES-DVFS - Success: 65.38%, Energy: 1170.25, Completed: 559, Missed: 296

Test run 95/100
RL   - Success: 99.76%, Energy: 3012.06, Completed: 847, Missed: 2
GEDF - Success: 100.00%, Energy: 5393.94, Completed: 938, Missed: 0
ES-DVFS - Success: 64.18%, Energy: 1092.85, Completed: 593, Missed: 331

Test run 96/100
RL   - Success: 99.77%, Energy: 3072.21, Completed: 869, Missed: 2
GEDF - Success: 100.00%, Energy: 5113.36, Completed: 874, Missed: 0
ES-DVFS - Success: 60.88%, Energy: 1045.01, Completed: 537, Missed: 345

Test run 97/100
RL   - Success: 99.65%, Energy: 2743.85, Completed: 851, Missed: 3
GEDF - Success: 100.00%, Energy: 5153.38, Completed: 885, Missed: 0
ES-DVFS - Success: 65.68%, Energy: 1187.51, Completed: 599, Missed: 313

Test run 98/100
RL   - Success: 99.89%, Energy: 2956.24, Completed: 900, Missed: 1
GEDF - Success: 100.00%, Energy: 5047.48, Completed: 891, Missed: 0
ES-DVFS - Success: 64.90%, Energy: 1109.01, Completed: 575, Missed: 311

Test run 99/100
RL   - Success: 99.90%, Energy: 3205.99, Completed: 961, Missed: 1
GEDF - Success: 100.00%, Energy: 4816.85, Completed: 857, Missed: 0
ES-DVFS - Success: 69.79%, Energy: 1319.05, Completed: 596, Missed: 258

Test run 100/100
RL   - Success: 99.79%, Energy: 3092.67, Completed: 944, Missed: 2
GEDF - Success: 100.00%, Energy: 5032.93, Completed: 904, Missed: 0
ES-DVFS - Success: 65.72%, Energy: 1239.24, Completed: 577, Missed: 301
Results plot saved to ./saves/experiment-2/fixed_taskset_results.png
Fixed Task Set Test Results - Per-core Utilization: 0.5000

--- Success Ratio Summary ---
Scheduler  | Avg (%)    | Std Dev    | Min (%)    | Max (%)   
------------------------------------------------------------
RL         | 99.80      | 0.14       | 99.43      | 100.00    
GEDF       | 100.00     | 0.00       | 100.00     | 100.00    
ES-DVFS    | 67.06      | 2.57       | 59.43      | 71.83     

--- Energy Consumption Summary ---
Scheduler  | Avg        | Std Dev    | Min        | Max       
------------------------------------------------------------
RL         | 3033.04    | 173.51     | 2598.11    | 3525.15   
GEDF       | 5176.87    | 140.08     | 4816.85    | 5481.97   
ES-DVFS    | 1156.88    | 88.87      | 938.89     | 1413.11   

--- Energy Savings ---
RL vs GEDF: 41.41% savings
RL vs ES-DVFS: -162.17% savings

--- Task Completion Statistics ---
Scheduler  | Avg Completed   | Avg Missed      | Success Rate   
-----------------------------------------------------------------
RL         | 889.61          | 1.78            | 99.80          %
GEDF       | 902.58          | 0.00            | 100.00         %
ES-DVFS    | 591.17          | 290.41          | 67.06          %
Summary saved to ./saves/experiment-2/fixed_taskset_summary.txt
